"../../../Engine/Content/EngineResources/GradientTexture0.uasset" 0
"../../../Engine/Content/EngineResources/GradientTexture0.uexp" 1
"../../../Engine/Content/EngineResources/Black.uasset" 2
"../../../Engine/Content/EngineResources/Black.uexp" 3
"../../../Engine/Content/EditorResources/S_Actor.ubulk" 4
"../../../Engine/Content/EditorResources/S_Actor.uasset" 5
"../../../Engine/Content/EditorResources/S_Actor.uexp" 6
"../../../Engine/Content/EditorResources/S_Trigger.ubulk" 7
"../../../Engine/Content/EditorResources/S_Trigger.uasset" 8
"../../../Engine/Content/EditorResources/S_Trigger.uexp" 9
"../../../Engine/Content/EditorResources/S_BoxReflectionCapture.uasset" 10
"../../../Engine/Content/EditorResources/S_BoxReflectionCapture.uexp" 11
"../../../Engine/Content/EngineResources/DefaultTexture.ubulk" 12
"../../../Engine/Content/EngineResources/DefaultTexture.uasset" 13
"../../../Engine/Content/EngineResources/DefaultTexture.uexp" 14
"../../../Engine/Content/EditorResources/S_TriggerBox.uasset" 15
"../../../Engine/Content/EditorResources/S_TriggerBox.uexp" 16
"../../../Engine/Content/EditorResources/S_TriggerCapsule.uasset" 17
"../../../Engine/Content/EditorResources/S_TriggerCapsule.uexp" 18
"../../../Engine/Content/EditorResources/S_TriggerSphere.uasset" 19
"../../../Engine/Content/EditorResources/S_TriggerSphere.uexp" 20
"../../../Engine/Content/EngineMeshes/Sphere.uasset" 21
"../../../Engine/Content/EngineMeshes/Sphere.uexp" 22
"../../../Engine/Content/EngineResources/DefaultTextureCube.uasset" 23
"../../../Engine/Content/EngineResources/DefaultTextureCube.uexp" 24
"../../../Engine/Content/EngineResources/DefaultVolumeTexture2D.uasset" 25
"../../../Engine/Content/EngineResources/DefaultVolumeTexture2D.uexp" 26
"../../../Engine/Content/EngineResources/DefaultVolumeTexture.uasset" 27
"../../../Engine/Content/EngineResources/DefaultVolumeTexture.uexp" 28
"../../../Engine/Content/VREditor/TransformGizmo/Main.uasset" 29
"../../../Engine/Content/VREditor/TransformGizmo/Main.uexp" 30
"../../../Engine/Content/VREditor/TransformGizmo/Xray.uasset" 31
"../../../Engine/Content/VREditor/TransformGizmo/Xray.uexp" 32
"../../../Engine/Content/VREditor/TransformGizmo/SM_Sequencer_Node.uasset" 33
"../../../Engine/Content/VREditor/TransformGizmo/SM_Sequencer_Node.uexp" 34
"../../../Engine/Content/EditorResources/S_Solver.ubulk" 35
"../../../Engine/Content/EditorResources/S_Solver.uasset" 36
"../../../Engine/Content/EditorResources/S_Solver.uexp" 37
"../../../Engine/Content/EditorMaterials/Camera/CineMat.uasset" 38
"../../../Engine/Content/EditorMaterials/Camera/CineMat.uexp" 39
"../../../Engine/Content/EditorMaterials/Camera/MI_CineMat_Rig.uasset" 40
"../../../Engine/Content/EditorMaterials/Camera/MI_CineMat_Rig.uexp" 41
"../../../Engine/Content/EditorMeshes/Camera/SM_CraneRig_Base.uasset" 42
"../../../Engine/Content/EditorMeshes/Camera/SM_CraneRig_Base.uexp" 43
"../../../Engine/Content/EditorMeshes/Camera/SM_CraneRig_Arm.uasset" 44
"../../../Engine/Content/EditorMeshes/Camera/SM_CraneRig_Arm.uexp" 45
"../../../Engine/Content/EditorMeshes/Camera/SM_CraneRig_Mount.uasset" 46
"../../../Engine/Content/EditorMeshes/Camera/SM_CraneRig_Mount.uexp" 47
"../../../Engine/Content/EditorMeshes/Camera/SM_CraneRig_Body.uasset" 48
"../../../Engine/Content/EditorMeshes/Camera/SM_CraneRig_Body.uexp" 49
"../../../Engine/Content/EditorMeshes/Camera/SM_RailRig_Track.uasset" 50
"../../../Engine/Content/EditorMeshes/Camera/SM_RailRig_Track.uexp" 51
"../../../Engine/Content/EditorMeshes/Camera/SM_RailRig_Mount.uasset" 52
"../../../Engine/Content/EditorMeshes/Camera/SM_RailRig_Mount.uexp" 53
"../../../Engine/Content/EditorLandscapeResources/SplineEditorMeshMat.uasset" 54
"../../../Engine/Content/EditorLandscapeResources/SplineEditorMeshMat.uexp" 55
"../../../Engine/Content/EditorLandscapeResources/SplineEditorMesh.uasset" 56
"../../../Engine/Content/EditorLandscapeResources/SplineEditorMesh.uexp" 57
"../../../Engine/Content/VREditor/LaserPointer/VR_LaserPower_01.ubulk" 58
"../../../Engine/Content/VREditor/LaserPointer/VR_LaserPower_01.uasset" 59
"../../../Engine/Content/VREditor/LaserPointer/VR_LaserPower_01.uexp" 60
"../../../Engine/Content/VREditor/TransformGizmo/TransformGizmoMaterial.uasset" 61
"../../../Engine/Content/VREditor/TransformGizmo/TransformGizmoMaterial.uexp" 62
"../../../Engine/Content/VREditor/TransformGizmo/TranslucentTransformGizmoMaterial.uasset" 63
"../../../Engine/Content/VREditor/TransformGizmo/TranslucentTransformGizmoMaterial.uexp" 64
"../../../Engine/Content/VREditor/TransformGizmo/BoundingBoxCorner.uasset" 65
"../../../Engine/Content/VREditor/TransformGizmo/BoundingBoxCorner.uexp" 66
"../../../Engine/Content/VREditor/TransformGizmo/BoundingBoxEdge.uasset" 67
"../../../Engine/Content/VREditor/TransformGizmo/BoundingBoxEdge.uexp" 68
"../../../Engine/Content/EngineMaterials/T_Default_Material_Grid_M.ubulk" 69
"../../../Engine/Content/EngineMaterials/T_Default_Material_Grid_M.uasset" 70
"../../../Engine/Content/EngineMaterials/T_Default_Material_Grid_M.uexp" 71
"../../../Engine/Content/EngineMaterials/T_Default_Material_Grid_N.ubulk" 72
"../../../Engine/Content/EngineMaterials/T_Default_Material_Grid_N.uasset" 73
"../../../Engine/Content/EngineMaterials/T_Default_Material_Grid_N.uexp" 74
"../../../Engine/Content/Functions/Engine_MaterialFunctions01/Opacity/CameraDepthFade.uasset" 75
"../../../Engine/Content/Functions/Engine_MaterialFunctions01/Opacity/CameraDepthFade.uexp" 76
"../../../Engine/Content/EngineMaterials/WorldGridMaterial.uasset" 77
"../../../Engine/Content/EngineMaterials/WorldGridMaterial.uexp" 78
"../../../Engine/Content/ArtTools/RenderToTexture/Meshes/S_1_Unit_Plane.uasset" 79
"../../../Engine/Content/ArtTools/RenderToTexture/Meshes/S_1_Unit_Plane.uexp" 80
"../../../Engine/Content/EditorMaterials/ParticleSystems/PSysThumbnail_NoImage.ubulk" 81
"../../../Engine/Content/EditorMaterials/ParticleSystems/PSysThumbnail_NoImage.uasset" 82
"../../../Engine/Content/EditorMaterials/ParticleSystems/PSysThumbnail_NoImage.uexp" 83
"../../../Engine/Content/EditorMaterials/ParticleSystems/PSysThumbnail_OOD.ubulk" 84
"../../../Engine/Content/EditorMaterials/ParticleSystems/PSysThumbnail_OOD.uasset" 85
"../../../Engine/Content/EditorMaterials/ParticleSystems/PSysThumbnail_OOD.uexp" 86
"../../../Engine/Plugins/Runtime/AudioWidgets/Content/Resources/ScrubHandleDown_Clamped.uasset" 87
"../../../Engine/Plugins/Runtime/AudioWidgets/Content/Resources/ScrubHandleDown_Clamped.uexp" 88
"../../../Engine/Plugins/Media/MediaPlate/Content/SM_MediaPlateScreen.uasset" 89
"../../../Engine/Plugins/Media/MediaPlate/Content/SM_MediaPlateScreen.uexp" 90
"../../../Engine/Content/EngineMaterials/DefaultBokeh.uasset" 91
"../../../Engine/Content/EngineMaterials/DefaultBokeh.uexp" 92
"../../../Engine/Content/EngineMaterials/MiniFont.uasset" 93
"../../../Engine/Content/EngineMaterials/MiniFont.uexp" 94
"../../../Engine/Content/EngineMaterials/WeightMapPlaceholderTexture.uasset" 95
"../../../Engine/Content/EngineMaterials/WeightMapPlaceholderTexture.uexp" 96
"../../../Engine/Content/EngineMaterials/WeightMapArrayPlaceholderTexture.uasset" 97
"../../../Engine/Content/EngineMaterials/WeightMapArrayPlaceholderTexture.uexp" 98
"../../../Engine/Content/EngineMaterials/DefaultWhiteGrid.ubulk" 99
"../../../Engine/Content/EngineMaterials/DefaultWhiteGrid.uasset" 100
"../../../Engine/Content/EngineMaterials/DefaultWhiteGrid.uexp" 101
"../../../Engine/Content/EngineMaterials/PreintegratedSkinBRDF.uasset" 102
"../../../Engine/Content/EngineMaterials/PreintegratedSkinBRDF.uexp" 103
"../../../Engine/Content/EngineMaterials/LTC/GGX_LTCAmp.uasset" 104
"../../../Engine/Content/EngineMaterials/LTC/GGX_LTCAmp.uexp" 105
"../../../Engine/Content/EngineMaterials/LTC/GGX_LTCMat.uasset" 106
"../../../Engine/Content/EngineMaterials/LTC/GGX_LTCMat.uexp" 107
"../../../Engine/Content/EngineMaterials/EnergyConservation/GGX_ReflectionEnergy.uasset" 108
"../../../Engine/Content/EngineMaterials/EnergyConservation/GGX_ReflectionEnergy.uexp" 109
"../../../Engine/Content/EngineMaterials/EnergyConservation/GGX_TransmissionEnergyArray.uasset" 110
"../../../Engine/Content/EngineMaterials/EnergyConservation/GGX_TransmissionEnergyArray.uexp" 111
"../../../Engine/Content/EngineMaterials/EnergyConservation/SheenLegacy_Energy.uasset" 112
"../../../Engine/Content/EngineMaterials/EnergyConservation/SheenLegacy_Energy.uexp" 113
"../../../Engine/Content/EngineMaterials/DefaultMaterial.uasset" 114
"../../../Engine/Content/EngineMaterials/DefaultMaterial.uexp" 115
"../../../Engine/Content/BasicShapes/Sphere.uasset" 116
"../../../Engine/Content/BasicShapes/Sphere.uexp" 117
"../../../Engine/Content/BasicShapes/Cone.uasset" 118
"../../../Engine/Content/BasicShapes/Cone.uexp" 119
"../../../Engine/Content/BasicShapes/Plane.uasset" 120
"../../../Engine/Content/BasicShapes/Plane.uexp" 121
"../../../Engine/Content/EditorResources/SequenceRecorder/Countdown.uasset" 122
"../../../Engine/Content/EditorResources/SequenceRecorder/Countdown.uexp" 123
"../../../Engine/Content/EditorResources/SequenceRecorder/RecordingIndicator.uasset" 124
"../../../Engine/Content/EditorResources/SequenceRecorder/RecordingIndicator.uexp" 125
"../../../Engine/Content/EditorResources/S_Terrain.ubulk" 126
"../../../Engine/Content/EditorResources/S_Terrain.uasset" 127
"../../../Engine/Content/EditorResources/S_Terrain.uexp" 128
"../../../Engine/Plugins/2D/Paper2D/Content/PlaceholderTextures/DummySpriteTexture.ubulk" 129
"../../../Engine/Plugins/2D/Paper2D/Content/PlaceholderTextures/DummySpriteTexture.uasset" 130
"../../../Engine/Plugins/2D/Paper2D/Content/PlaceholderTextures/DummySpriteTexture.uexp" 131
"../../../Engine/Plugins/2D/Paper2D/Content/DefaultSpriteMaterial.uasset" 132
"../../../Engine/Plugins/2D/Paper2D/Content/DefaultSpriteMaterial.uexp" 133
"../../../Engine/Plugins/2D/Paper2D/Content/OpaqueUnlitSpriteMaterial.uasset" 134
"../../../Engine/Plugins/2D/Paper2D/Content/OpaqueUnlitSpriteMaterial.uexp" 135
"../../../Engine/Plugins/2D/Paper2D/Content/MaskedUnlitSpriteMaterial.uasset" 136
"../../../Engine/Plugins/2D/Paper2D/Content/MaskedUnlitSpriteMaterial.uexp" 137
"../../../Engine/Plugins/2D/Paper2D/Content/DummySprite.uasset" 138
"../../../Engine/Plugins/2D/Paper2D/Content/DummySprite.uexp" 139
"../../../Engine/Plugins/2D/Paper2D/Content/DefaultPaperTerrainMaterial.uasset" 140
"../../../Engine/Plugins/2D/Paper2D/Content/DefaultPaperTerrainMaterial.uexp" 141
"../../../Engine/Plugins/VirtualProduction/CameraCalibrationCore/Content/Materials/M_DefaultOddSquare.uasset" 142
"../../../Engine/Plugins/VirtualProduction/CameraCalibrationCore/Content/Materials/M_DefaultOddSquare.uexp" 143
"../../../Engine/Plugins/VirtualProduction/CameraCalibrationCore/Content/Materials/M_DefaultEvenSquare.uasset" 144
"../../../Engine/Plugins/VirtualProduction/CameraCalibrationCore/Content/Materials/M_DefaultEvenSquare.uexp" 145
"../../../Engine/Plugins/Runtime/HairStrands/Content/Materials/HairMeshesDefaultMaterial.uasset" 146
"../../../Engine/Plugins/Runtime/HairStrands/Content/Materials/HairMeshesDefaultMaterial.uexp" 147
"../../../Engine/Plugins/Runtime/HairStrands/Content/Materials/HairDefaultMaterial.uasset" 148
"../../../Engine/Plugins/Runtime/HairStrands/Content/Materials/HairDefaultMaterial.uexp" 149
"../../../Engine/Plugins/Runtime/HairStrands/Content/Materials/HairGroupColors.uasset" 150
"../../../Engine/Plugins/Runtime/HairStrands/Content/Materials/HairGroupColors.uexp" 151
"../../../Engine/Content/EngineMaterials/HairColorMap.uasset" 152
"../../../Engine/Content/EngineMaterials/HairColorMap.uexp" 153
"../../../Engine/Content/EngineMaterials/HairDebugColor.uasset" 154
"../../../Engine/Content/EngineMaterials/HairDebugColor.uexp" 155
"../../../Engine/Content/Functions/Engine_MaterialFunctions02/Utility/MakeFloat2.uasset" 156
"../../../Engine/Content/Functions/Engine_MaterialFunctions02/Utility/MakeFloat2.uexp" 157
"../../../Engine/Content/Functions/Engine_MaterialFunctions02/Utility/MakeFloat3.uasset" 158
"../../../Engine/Content/Functions/Engine_MaterialFunctions02/Utility/MakeFloat3.uexp" 159
"../../../Engine/Plugins/Runtime/HairStrands/Content/Materials/HairDebugMaterial.uasset" 160
"../../../Engine/Plugins/Runtime/HairStrands/Content/Materials/HairDebugMaterial.uexp" 161
"../../../Engine/Plugins/Runtime/HairStrands/Content/Materials/HairCardsDefaultMaterial.uasset" 162
"../../../Engine/Plugins/Runtime/HairStrands/Content/Materials/HairCardsDefaultMaterial.uexp" 163
"../../../Engine/Plugins/NNE/NNEDenoiser/Content/NNE_oidn2-3-0_rt_hdr_calb_cnrm_large__dyn__fp16_opset11_ForwardAlpha.uasset" 164
"../../../Engine/Plugins/NNE/NNEDenoiser/Content/NNE_oidn2-3-0_rt_hdr_calb_cnrm_large__dyn__fp16_opset11_ForwardAlpha.uexp" 165
"../../../Engine/Plugins/NNE/NNEDenoiser/Content/NNE_oidn2-3-0_rt_hdr_calb_cnrm_large__dyn__fp16_opset11_DenoiseAlpha.uasset" 166
"../../../Engine/Plugins/NNE/NNEDenoiser/Content/NNE_oidn2-3-0_rt_hdr_calb_cnrm_large__dyn__fp16_opset11_DenoiseAlpha.uexp" 167
"../../../Engine/Plugins/NNE/NNEDenoiser/Content/NNE_oidn2-3-0_rt_hdr_alb_nrm__dyn__fp16_opset11_ForwardAlpha.uasset" 168
"../../../Engine/Plugins/NNE/NNEDenoiser/Content/NNE_oidn2-3-0_rt_hdr_alb_nrm__dyn__fp16_opset11_ForwardAlpha.uexp" 169
"../../../Engine/Plugins/NNE/NNEDenoiser/Content/NNE_oidn2-3-0_rt_hdr_alb_nrm__dyn__fp16_opset11_DenoiseAlpha.uasset" 170
"../../../Engine/Plugins/NNE/NNEDenoiser/Content/NNE_oidn2-3-0_rt_hdr_alb_nrm__dyn__fp16_opset11_DenoiseAlpha.uexp" 171
"../../../Engine/Plugins/NNE/NNEDenoiser/Content/NNE_oidn2-3-0_rt_hdr_alb_nrm_small__dyn__fp16_opset11_ForwardAlpha.uasset" 172
"../../../Engine/Plugins/NNE/NNEDenoiser/Content/NNE_oidn2-3-0_rt_hdr_alb_nrm_small__dyn__fp16_opset11_ForwardAlpha.uexp" 173
"../../../Engine/Plugins/NNE/NNEDenoiser/Content/NNE_oidn2-3-0_rt_hdr_alb_nrm_small__dyn__fp16_opset11_DenoiseAlpha.uasset" 174
"../../../Engine/Plugins/NNE/NNEDenoiser/Content/NNE_oidn2-3-0_rt_hdr_alb_nrm_small__dyn__fp16_opset11_DenoiseAlpha.uexp" 175
"../../../Engine/Plugins/NNE/NNEDenoiser/Content/NNED_Oidn2-3_HighQuality_Alpha.uasset" 176
"../../../Engine/Plugins/NNE/NNEDenoiser/Content/NNED_Oidn2-3_HighQuality_Alpha.uexp" 177
"../../../Engine/Plugins/NNE/NNEDenoiser/Content/NNED_Oidn2-3_HighQuality.uasset" 178
"../../../Engine/Plugins/NNE/NNEDenoiser/Content/NNED_Oidn2-3_HighQuality.uexp" 179
"../../../Engine/Plugins/NNE/NNEDenoiser/Content/NNED_Oidn2-3_Fast_Alpha.uasset" 180
"../../../Engine/Plugins/NNE/NNEDenoiser/Content/NNED_Oidn2-3_Fast_Alpha.uexp" 181
"../../../Engine/Plugins/NNE/NNEDenoiser/Content/NNED_Oidn2-3_Fast.uasset" 182
"../../../Engine/Plugins/NNE/NNEDenoiser/Content/NNED_Oidn2-3_Fast.uexp" 183
"../../../Engine/Plugins/NNE/NNEDenoiser/Content/NNED_Oidn2-3_Balanced_Alpha.uasset" 184
"../../../Engine/Plugins/NNE/NNEDenoiser/Content/NNED_Oidn2-3_Balanced_Alpha.uexp" 185
"../../../Engine/Plugins/NNE/NNEDenoiser/Content/NNED_Oidn2-3_Balanced.uasset" 186
"../../../Engine/Plugins/NNE/NNEDenoiser/Content/NNED_Oidn2-3_Balanced.uexp" 187
"../../../Engine/Plugins/NNE/NNEDenoiser/Content/NNEDT_Oidn2-3_Balanced_Alpha.uasset" 188
"../../../Engine/Plugins/NNE/NNEDenoiser/Content/NNEDT_Oidn2-3_Balanced_Alpha.uexp" 189
"../../../Engine/Plugins/NNE/NNEDenoiser/Content/NNEDT_Oidn2-3_Balanced.uasset" 190
"../../../Engine/Plugins/NNE/NNEDenoiser/Content/NNEDT_Oidn2-3_Balanced.uexp" 191
"../../../Engine/Plugins/NNE/NNEDenoiser/Content/NNEDTOM_Output_Default.uasset" 192
"../../../Engine/Plugins/NNE/NNEDenoiser/Content/NNEDTOM_Output_Default.uexp" 193
"../../../Engine/Plugins/NNE/NNEDenoiser/Content/NNEDTOM_Output_Alpha.uasset" 194
"../../../Engine/Plugins/NNE/NNEDenoiser/Content/NNEDTOM_Output_Alpha.uexp" 195
"../../../Engine/Plugins/NNE/NNEDenoiser/Content/NNEDTIM_ColorAlbedoNormal_Default.uasset" 196
"../../../Engine/Plugins/NNE/NNEDenoiser/Content/NNEDTIM_ColorAlbedoNormal_Default.uexp" 197
"../../../Engine/Plugins/NNE/NNEDenoiser/Content/NNEDTIM_ColorAlbedoNormal_Alpha.uasset" 198
"../../../Engine/Plugins/NNE/NNEDenoiser/Content/NNEDTIM_ColorAlbedoNormal_Alpha.uexp" 199
"../../../Engine/Plugins/NNE/NNEDenoiser/Content/NNEDOM_Output_Default.uasset" 200
"../../../Engine/Plugins/NNE/NNEDenoiser/Content/NNEDOM_Output_Default.uexp" 201
"../../../Engine/Plugins/NNE/NNEDenoiser/Content/NNEDOM_Output_Alpha.uasset" 202
"../../../Engine/Plugins/NNE/NNEDenoiser/Content/NNEDOM_Output_Alpha.uexp" 203
"../../../Engine/Plugins/NNE/NNEDenoiser/Content/NNEDIM_HighQuality_Default.uasset" 204
"../../../Engine/Plugins/NNE/NNEDenoiser/Content/NNEDIM_HighQuality_Default.uexp" 205
"../../../Engine/Plugins/NNE/NNEDenoiser/Content/NNEDIM_HighQuality_Alpha.uasset" 206
"../../../Engine/Plugins/NNE/NNEDenoiser/Content/NNEDIM_HighQuality_Alpha.uexp" 207
"../../../Engine/Plugins/NNE/NNEDenoiser/Content/NNEDIM_ColorAlbedoNormal_Default.uasset" 208
"../../../Engine/Plugins/NNE/NNEDenoiser/Content/NNEDIM_ColorAlbedoNormal_Default.uexp" 209
"../../../Engine/Plugins/NNE/NNEDenoiser/Content/NNEDIM_ColorAlbedoNormal_Alpha.uasset" 210
"../../../Engine/Plugins/NNE/NNEDenoiser/Content/NNEDIM_ColorAlbedoNormal_Alpha.uexp" 211
"../../../Engine/Plugins/Interchange/Runtime/Content/Pipelines/DefaultTexturePipeline.uasset" 212
"../../../Engine/Plugins/Interchange/Runtime/Content/Pipelines/DefaultTexturePipeline.uexp" 213
"../../../Engine/Plugins/Interchange/Runtime/Content/Pipelines/DefaultSceneLevelPipeline.uasset" 214
"../../../Engine/Plugins/Interchange/Runtime/Content/Pipelines/DefaultSceneLevelPipeline.uexp" 215
"../../../Engine/Plugins/Interchange/Runtime/Content/Pipelines/DefaultMaterialXPipeline.uasset" 216
"../../../Engine/Plugins/Interchange/Runtime/Content/Pipelines/DefaultMaterialXPipeline.uexp" 217
"../../../Engine/Plugins/Interchange/Runtime/Content/Pipelines/DefaultMaterialPipeline.uasset" 218
"../../../Engine/Plugins/Interchange/Runtime/Content/Pipelines/DefaultMaterialPipeline.uexp" 219
"../../../Engine/Plugins/Interchange/Runtime/Content/Pipelines/DefaultGLTFPipeline.uasset" 220
"../../../Engine/Plugins/Interchange/Runtime/Content/Pipelines/DefaultGLTFPipeline.uexp" 221
"../../../Engine/Plugins/Interchange/Assets/Content/gltf/Textures/T_White_srgb.uasset" 222
"../../../Engine/Plugins/Interchange/Assets/Content/gltf/Textures/T_White_srgb.uexp" 223
"../../../Engine/Plugins/Interchange/Assets/Content/gltf/MaterialFunctions/MF_BaseColor.uasset" 224
"../../../Engine/Plugins/Interchange/Assets/Content/gltf/MaterialFunctions/MF_BaseColor.uexp" 225
"../../../Engine/Plugins/Interchange/Assets/Content/gltf/MaterialFunctions/MF_RotateV2.uasset" 226
"../../../Engine/Plugins/Interchange/Assets/Content/gltf/MaterialFunctions/MF_RotateV2.uexp" 227
"../../../Engine/Plugins/Interchange/Assets/Content/gltf/MaterialFunctions/MF_TransformUVs.uasset" 228
"../../../Engine/Plugins/Interchange/Assets/Content/gltf/MaterialFunctions/MF_TransformUVs.uexp" 229
"../../../Engine/Plugins/Interchange/Assets/Content/gltf/MaterialBodies/MF_Unlit_Body.uasset" 230
"../../../Engine/Plugins/Interchange/Assets/Content/gltf/MaterialBodies/MF_Unlit_Body.uexp" 231
"../../../Engine/Plugins/Interchange/Assets/Content/gltf/M_Unlit.uasset" 232
"../../../Engine/Plugins/Interchange/Assets/Content/gltf/M_Unlit.uexp" 233
"../../../Engine/Plugins/Interchange/Assets/Content/gltf/MaterialInstances/MI_Unlit_Opaque_DS.uasset" 234
"../../../Engine/Plugins/Interchange/Assets/Content/gltf/MaterialInstances/MI_Unlit_Opaque_DS.uexp" 235
"../../../Engine/Plugins/Interchange/Assets/Content/gltf/MaterialInstances/MI_Unlit_Opaque.uasset" 236
"../../../Engine/Plugins/Interchange/Assets/Content/gltf/MaterialInstances/MI_Unlit_Opaque.uexp" 237
"../../../Engine/Plugins/Interchange/Assets/Content/gltf/MaterialInstances/MI_Unlit_Mask_DS.uasset" 238
"../../../Engine/Plugins/Interchange/Assets/Content/gltf/MaterialInstances/MI_Unlit_Mask_DS.uexp" 239
"../../../Engine/Plugins/Interchange/Assets/Content/gltf/MaterialInstances/MI_Unlit_Mask.uasset" 240
"../../../Engine/Plugins/Interchange/Assets/Content/gltf/MaterialInstances/MI_Unlit_Mask.uexp" 241
"../../../Engine/Plugins/Interchange/Assets/Content/gltf/MaterialInstances/MI_Unlit_Blend_DS.uasset" 242
"../../../Engine/Plugins/Interchange/Assets/Content/gltf/MaterialInstances/MI_Unlit_Blend_DS.uexp" 243
"../../../Engine/Plugins/Interchange/Assets/Content/gltf/MaterialInstances/MI_Unlit_Blend.uasset" 244
"../../../Engine/Plugins/Interchange/Assets/Content/gltf/MaterialInstances/MI_Unlit_Blend.uexp" 245
"../../../Engine/Plugins/Interchange/Assets/Content/Utilities/New_LUT.uasset" 246
"../../../Engine/Plugins/Interchange/Assets/Content/Utilities/New_LUT.uexp" 247
"../../../Engine/Content/Functions/Engine_MaterialFunctions03/Math/RemapValueRange.uasset" 248
"../../../Engine/Content/Functions/Engine_MaterialFunctions03/Math/RemapValueRange.uexp" 249
"../../../Engine/Plugins/Interchange/Assets/Content/Functions/MF_Iridescence.uasset" 250
"../../../Engine/Plugins/Interchange/Assets/Content/Functions/MF_Iridescence.uexp" 251
"../../../Engine/Plugins/Interchange/Assets/Content/gltf/MaterialFunctions/MF_Fresnel_DS.uasset" 252
"../../../Engine/Plugins/Interchange/Assets/Content/gltf/MaterialFunctions/MF_Fresnel_DS.uexp" 253
"../../../Engine/Plugins/Interchange/Assets/Content/gltf/MaterialFunctions/MF_IOR.uasset" 254
"../../../Engine/Plugins/Interchange/Assets/Content/gltf/MaterialFunctions/MF_IOR.uexp" 255
"../../../Engine/Plugins/Interchange/Assets/Content/Functions/MF_IridescenceNoLUT.uasset" 256
"../../../Engine/Plugins/Interchange/Assets/Content/Functions/MF_IridescenceNoLUT.uexp" 257
"../../../Engine/Plugins/Interchange/Assets/Content/gltf/MaterialFunctions/MF_Iridescence.uasset" 258
"../../../Engine/Plugins/Interchange/Assets/Content/gltf/MaterialFunctions/MF_Iridescence.uexp" 259
"../../../Engine/Plugins/Interchange/Assets/Content/gltf/Textures/T_White_Linear.uasset" 260
"../../../Engine/Plugins/Interchange/Assets/Content/gltf/Textures/T_White_Linear.uexp" 261
"../../../Engine/Plugins/Interchange/Assets/Content/gltf/MaterialFunctions/MF_MetallicRoughness.uasset" 262
"../../../Engine/Plugins/Interchange/Assets/Content/gltf/MaterialFunctions/MF_MetallicRoughness.uexp" 263
"../../../Engine/Content/Functions/Engine_MaterialFunctions02/Utility/BreakOutFloat3Components.uasset" 264
"../../../Engine/Content/Functions/Engine_MaterialFunctions02/Utility/BreakOutFloat3Components.uexp" 265
"../../../Engine/Content/Functions/Engine_MaterialFunctions02/Math/Transform3x3Matrix.uasset" 266
"../../../Engine/Content/Functions/Engine_MaterialFunctions02/Math/Transform3x3Matrix.uexp" 267
"../../../Engine/Plugins/Interchange/Assets/Content/gltf/MaterialFunctions/MF_RotateNormals_TS.uasset" 268
"../../../Engine/Plugins/Interchange/Assets/Content/gltf/MaterialFunctions/MF_RotateNormals_TS.uexp" 269
"../../../Engine/Plugins/Interchange/Assets/Content/gltf/MaterialFunctions/MF_ScaleNormal.uasset" 270
"../../../Engine/Plugins/Interchange/Assets/Content/gltf/MaterialFunctions/MF_ScaleNormal.uexp" 271
"../../../Engine/Plugins/Interchange/Assets/Content/gltf/Textures/T_Generic_N.uasset" 272
"../../../Engine/Plugins/Interchange/Assets/Content/gltf/Textures/T_Generic_N.uexp" 273
"../../../Engine/Plugins/Interchange/Assets/Content/gltf/MaterialFunctions/MF_Normals.uasset" 274
"../../../Engine/Plugins/Interchange/Assets/Content/gltf/MaterialFunctions/MF_Normals.uexp" 275
"../../../Engine/Plugins/Interchange/Assets/Content/gltf/MaterialFunctions/MF_Occlusion.uasset" 276
"../../../Engine/Plugins/Interchange/Assets/Content/gltf/MaterialFunctions/MF_Occlusion.uexp" 277
"../../../Engine/Plugins/Interchange/Assets/Content/gltf/MaterialFunctions/MF_Specular.uasset" 278
"../../../Engine/Plugins/Interchange/Assets/Content/gltf/MaterialFunctions/MF_Specular.uexp" 279
"../../../Engine/Plugins/Interchange/Assets/Content/gltf/Textures/T_Anisotropy_Direction_Linear.uasset" 280
"../../../Engine/Plugins/Interchange/Assets/Content/gltf/Textures/T_Anisotropy_Direction_Linear.uexp" 281
"../../../Engine/Plugins/Interchange/Assets/Content/gltf/MaterialFunctions/MF_SpecularAnisotropy.uasset" 282
"../../../Engine/Plugins/Interchange/Assets/Content/gltf/MaterialFunctions/MF_SpecularAnisotropy.uexp" 283
"../../../Engine/Content/Functions/Engine_MaterialFunctions02/Utility/CameraDirectionVector.uasset" 284
"../../../Engine/Content/Functions/Engine_MaterialFunctions02/Utility/CameraDirectionVector.uexp" 285
"../../../Engine/Content/EngineMaterials/Good64x64TilingNoiseHighFreq.uasset" 286
"../../../Engine/Content/EngineMaterials/Good64x64TilingNoiseHighFreq.uexp" 287
"../../../Engine/Content/Functions/Engine_MaterialFunctions02/Texturing/ScreenAlignedPixelToPixelUVs.uasset" 288
"../../../Engine/Content/Functions/Engine_MaterialFunctions02/Texturing/ScreenAlignedPixelToPixelUVs.uexp" 289
"../../../Engine/Plugins/Interchange/Assets/Content/gltf/MaterialFunctions/MF_Temporal_Blur.uasset" 290
"../../../Engine/Plugins/Interchange/Assets/Content/gltf/MaterialFunctions/MF_Temporal_Blur.uexp" 291
"../../../Engine/Plugins/Interchange/Assets/Content/gltf/MaterialFunctions/MF_Transmission.uasset" 292
"../../../Engine/Plugins/Interchange/Assets/Content/gltf/MaterialFunctions/MF_Transmission.uexp" 293
"../../../Engine/Plugins/Interchange/Assets/Content/gltf/MaterialBodies/MF_Transmission_Body.uasset" 294
"../../../Engine/Plugins/Interchange/Assets/Content/gltf/MaterialBodies/MF_Transmission_Body.uexp" 295
"../../../Engine/Plugins/Interchange/Assets/Content/gltf/M_Transmission.uasset" 296
"../../../Engine/Plugins/Interchange/Assets/Content/gltf/M_Transmission.uexp" 297
"../../../Engine/Plugins/Interchange/Assets/Content/gltf/MaterialInstances/MI_Transmission_DS.uasset" 298
"../../../Engine/Plugins/Interchange/Assets/Content/gltf/MaterialInstances/MI_Transmission_DS.uexp" 299
"../../../Engine/Plugins/Interchange/Assets/Content/gltf/MaterialInstances/MI_Transmission.uasset" 300
"../../../Engine/Plugins/Interchange/Assets/Content/gltf/MaterialInstances/MI_Transmission.uexp" 301
"../../../Engine/Plugins/Interchange/Assets/Content/gltf/MaterialFunctions/MF_DiffuseSpecGloss.uasset" 302
"../../../Engine/Plugins/Interchange/Assets/Content/gltf/MaterialFunctions/MF_DiffuseSpecGloss.uexp" 303
"../../../Engine/Plugins/Interchange/Assets/Content/gltf/MaterialFunctions/MF_Emissive.uasset" 304
"../../../Engine/Plugins/Interchange/Assets/Content/gltf/MaterialFunctions/MF_Emissive.uexp" 305
"../../../Engine/Plugins/Interchange/Assets/Content/gltf/MaterialFunctions/MF_MaxComponentValue.uasset" 306
"../../../Engine/Plugins/Interchange/Assets/Content/gltf/MaterialFunctions/MF_MaxComponentValue.uexp" 307
"../../../Engine/Content/Functions/Engine_MaterialFunctions02/Math/AddComponents.uasset" 308
"../../../Engine/Content/Functions/Engine_MaterialFunctions02/Math/AddComponents.uexp" 309
"../../../Engine/Plugins/Interchange/Assets/Content/gltf/MaterialFunctions/MF_PerceivedBrightness.uasset" 310
"../../../Engine/Plugins/Interchange/Assets/Content/gltf/MaterialFunctions/MF_PerceivedBrightness.uexp" 311
"../../../Engine/Plugins/Interchange/Assets/Content/gltf/MaterialFunctions/MF_SpecGlossToMetalRoughness.uasset" 312
"../../../Engine/Plugins/Interchange/Assets/Content/gltf/MaterialFunctions/MF_SpecGlossToMetalRoughness.uexp" 313
"../../../Engine/Plugins/Interchange/Assets/Content/gltf/MaterialBodies/MF_SpecularGlossiness_Body.uasset" 314
"../../../Engine/Plugins/Interchange/Assets/Content/gltf/MaterialBodies/MF_SpecularGlossiness_Body.uexp" 315
"../../../Engine/Plugins/Interchange/Assets/Content/gltf/M_SpecularGlossiness.uasset" 316
"../../../Engine/Plugins/Interchange/Assets/Content/gltf/M_SpecularGlossiness.uexp" 317
"../../../Engine/Plugins/Interchange/Assets/Content/gltf/MaterialInstances/MI_SpecularGlossiness_Opaque_DS.uasset" 318
"../../../Engine/Plugins/Interchange/Assets/Content/gltf/MaterialInstances/MI_SpecularGlossiness_Opaque_DS.uexp" 319
"../../../Engine/Plugins/Interchange/Assets/Content/gltf/MaterialInstances/MI_SpecularGlossiness_Opaque.uasset" 320
"../../../Engine/Plugins/Interchange/Assets/Content/gltf/MaterialInstances/MI_SpecularGlossiness_Opaque.uexp" 321
"../../../Engine/Plugins/Interchange/Assets/Content/gltf/MaterialInstances/MI_SpecularGlossiness_Mask_DS.uasset" 322
"../../../Engine/Plugins/Interchange/Assets/Content/gltf/MaterialInstances/MI_SpecularGlossiness_Mask_DS.uexp" 323
"../../../Engine/Plugins/Interchange/Assets/Content/gltf/MaterialInstances/MI_SpecularGlossiness_Mask.uasset" 324
"../../../Engine/Plugins/Interchange/Assets/Content/gltf/MaterialInstances/MI_SpecularGlossiness_Mask.uexp" 325
"../../../Engine/Plugins/Interchange/Assets/Content/gltf/MaterialInstances/MI_SpecularGlossiness_Blend_DS.uasset" 326
"../../../Engine/Plugins/Interchange/Assets/Content/gltf/MaterialInstances/MI_SpecularGlossiness_Blend_DS.uexp" 327
"../../../Engine/Plugins/Interchange/Assets/Content/gltf/MaterialInstances/MI_SpecularGlossiness_Blend.uasset" 328
"../../../Engine/Plugins/Interchange/Assets/Content/gltf/MaterialInstances/MI_SpecularGlossiness_Blend.uexp" 329
"../../../Engine/Plugins/Interchange/Assets/Content/gltf/MaterialFunctions/MF_Sheen.uasset" 330
"../../../Engine/Plugins/Interchange/Assets/Content/gltf/MaterialFunctions/MF_Sheen.uexp" 331
"../../../Engine/Plugins/Interchange/Assets/Content/gltf/MaterialBodies/MF_Sheen_Body.uasset" 332
"../../../Engine/Plugins/Interchange/Assets/Content/gltf/MaterialBodies/MF_Sheen_Body.uexp" 333
"../../../Engine/Plugins/Interchange/Assets/Content/gltf/M_Sheen.uasset" 334
"../../../Engine/Plugins/Interchange/Assets/Content/gltf/M_Sheen.uexp" 335
"../../../Engine/Plugins/Interchange/Assets/Content/gltf/MaterialInstances/MI_Sheen_Opaque_DS.uasset" 336
"../../../Engine/Plugins/Interchange/Assets/Content/gltf/MaterialInstances/MI_Sheen_Opaque_DS.uexp" 337
"../../../Engine/Plugins/Interchange/Assets/Content/gltf/MaterialInstances/MI_Sheen_Opaque.uasset" 338
"../../../Engine/Plugins/Interchange/Assets/Content/gltf/MaterialInstances/MI_Sheen_Opaque.uexp" 339
"../../../Engine/Plugins/Interchange/Assets/Content/gltf/MaterialInstances/MI_Sheen_Mask_DS.uasset" 340
"../../../Engine/Plugins/Interchange/Assets/Content/gltf/MaterialInstances/MI_Sheen_Mask_DS.uexp" 341
"../../../Engine/Plugins/Interchange/Assets/Content/gltf/MaterialInstances/MI_Sheen_Mask.uasset" 342
"../../../Engine/Plugins/Interchange/Assets/Content/gltf/MaterialInstances/MI_Sheen_Mask.uexp" 343
"../../../Engine/Plugins/Interchange/Assets/Content/gltf/MaterialInstances/MI_Sheen_Blend_DS.uasset" 344
"../../../Engine/Plugins/Interchange/Assets/Content/gltf/MaterialInstances/MI_Sheen_Blend_DS.uexp" 345
"../../../Engine/Plugins/Interchange/Assets/Content/gltf/MaterialInstances/MI_Sheen_Blend.uasset" 346
"../../../Engine/Plugins/Interchange/Assets/Content/gltf/MaterialInstances/MI_Sheen_Blend.uexp" 347
"../../../Engine/Plugins/Interchange/Assets/Content/gltf/MaterialBodies/MF_Default_Body.uasset" 348
"../../../Engine/Plugins/Interchange/Assets/Content/gltf/MaterialBodies/MF_Default_Body.uexp" 349
"../../../Engine/Plugins/Interchange/Assets/Content/gltf/M_Default.uasset" 350
"../../../Engine/Plugins/Interchange/Assets/Content/gltf/M_Default.uexp" 351
"../../../Engine/Plugins/Interchange/Assets/Content/gltf/MaterialInstances/MI_Default_Opaque_DS.uasset" 352
"../../../Engine/Plugins/Interchange/Assets/Content/gltf/MaterialInstances/MI_Default_Opaque_DS.uexp" 353
"../../../Engine/Plugins/Interchange/Assets/Content/gltf/MaterialInstances/MI_Default_Opaque.uasset" 354
"../../../Engine/Plugins/Interchange/Assets/Content/gltf/MaterialInstances/MI_Default_Opaque.uexp" 355
"../../../Engine/Plugins/Interchange/Assets/Content/gltf/MaterialInstances/MI_Default_Mask_DS.uasset" 356
"../../../Engine/Plugins/Interchange/Assets/Content/gltf/MaterialInstances/MI_Default_Mask_DS.uexp" 357
"../../../Engine/Plugins/Interchange/Assets/Content/gltf/MaterialInstances/MI_Default_Mask.uasset" 358
"../../../Engine/Plugins/Interchange/Assets/Content/gltf/MaterialInstances/MI_Default_Mask.uexp" 359
"../../../Engine/Plugins/Interchange/Assets/Content/gltf/MaterialInstances/MI_Default_Blend_DS.uasset" 360
"../../../Engine/Plugins/Interchange/Assets/Content/gltf/MaterialInstances/MI_Default_Blend_DS.uexp" 361
"../../../Engine/Plugins/Interchange/Assets/Content/gltf/MaterialInstances/MI_Default_Blend.uasset" 362
"../../../Engine/Plugins/Interchange/Assets/Content/gltf/MaterialInstances/MI_Default_Blend.uexp" 363
"../../../Engine/Content/Functions/Engine_MaterialFunctions01/Texturing/FlattenNormal.uasset" 364
"../../../Engine/Content/Functions/Engine_MaterialFunctions01/Texturing/FlattenNormal.uexp" 365
"../../../Engine/Plugins/Interchange/Assets/Content/gltf/MaterialFunctions/MF_Clearcoat.uasset" 366
"../../../Engine/Plugins/Interchange/Assets/Content/gltf/MaterialFunctions/MF_Clearcoat.uexp" 367
"../../../Engine/Plugins/Interchange/Assets/Content/gltf/MaterialBodies/MF_ClearCoat_Body.uasset" 368
"../../../Engine/Plugins/Interchange/Assets/Content/gltf/MaterialBodies/MF_ClearCoat_Body.uexp" 369
"../../../Engine/Plugins/Interchange/Assets/Content/gltf/M_ClearCoat.uasset" 370
"../../../Engine/Plugins/Interchange/Assets/Content/gltf/M_ClearCoat.uexp" 371
"../../../Engine/Plugins/Interchange/Assets/Content/gltf/MaterialInstances/MI_ClearCoat_Opaque_DS.uasset" 372
"../../../Engine/Plugins/Interchange/Assets/Content/gltf/MaterialInstances/MI_ClearCoat_Opaque_DS.uexp" 373
"../../../Engine/Plugins/Interchange/Assets/Content/gltf/MaterialInstances/MI_ClearCoat_Opaque.uasset" 374
"../../../Engine/Plugins/Interchange/Assets/Content/gltf/MaterialInstances/MI_ClearCoat_Opaque.uexp" 375
"../../../Engine/Plugins/Interchange/Assets/Content/gltf/MaterialInstances/MI_ClearCoat_Mask_DS.uasset" 376
"../../../Engine/Plugins/Interchange/Assets/Content/gltf/MaterialInstances/MI_ClearCoat_Mask_DS.uexp" 377
"../../../Engine/Plugins/Interchange/Assets/Content/gltf/MaterialInstances/MI_ClearCoat_Mask.uasset" 378
"../../../Engine/Plugins/Interchange/Assets/Content/gltf/MaterialInstances/MI_ClearCoat_Mask.uexp" 379
"../../../Engine/Plugins/Interchange/Assets/Content/gltf/MaterialInstances/MI_ClearCoat_Blend_DS.uasset" 380
"../../../Engine/Plugins/Interchange/Assets/Content/gltf/MaterialInstances/MI_ClearCoat_Blend_DS.uexp" 381
"../../../Engine/Plugins/Interchange/Assets/Content/gltf/MaterialInstances/MI_ClearCoat_Blend.uasset" 382
"../../../Engine/Plugins/Interchange/Assets/Content/gltf/MaterialInstances/MI_ClearCoat_Blend.uexp" 383
"../../../Engine/Plugins/Interchange/Assets/Content/Functions/MX_UsdPreviewSurface.uasset" 384
"../../../Engine/Plugins/Interchange/Assets/Content/Functions/MX_UsdPreviewSurface.uexp" 385
"../../../Engine/Plugins/Interchange/Assets/Content/Functions/MX_UniformEDF.uasset" 386
"../../../Engine/Plugins/Interchange/Assets/Content/Functions/MX_UniformEDF.uexp" 387
"../../../Engine/Plugins/Interchange/Assets/Content/Functions/MX_TranslucentBSDF.uasset" 388
"../../../Engine/Plugins/Interchange/Assets/Content/Functions/MX_TranslucentBSDF.uexp" 389
"../../../Engine/Plugins/Interchange/Assets/Content/Functions/MX_ThinFilmBSDF.uasset" 390
"../../../Engine/Plugins/Interchange/Assets/Content/Functions/MX_ThinFilmBSDF.uexp" 391
"../../../Engine/Plugins/Interchange/Assets/Content/Functions/MX_SurfaceUnlit.uasset" 392
"../../../Engine/Plugins/Interchange/Assets/Content/Functions/MX_SurfaceUnlit.uexp" 393
"../../../Engine/Plugins/Interchange/Assets/Content/Functions/MX_Surface.uasset" 394
"../../../Engine/Plugins/Interchange/Assets/Content/Functions/MX_Surface.uexp" 395
"../../../Engine/Plugins/Interchange/Assets/Content/Functions/MX_SubsurfaceBSDF.uasset" 396
"../../../Engine/Plugins/Interchange/Assets/Content/Functions/MX_SubsurfaceBSDF.uexp" 397
"../../../Engine/Plugins/Interchange/Assets/Content/Functions/MX_SheenBSDF.uasset" 398
"../../../Engine/Plugins/Interchange/Assets/Content/Functions/MX_SheenBSDF.uexp" 399
"../../../Engine/Plugins/Interchange/Assets/Content/Functions/MX_OrenNayarBSDF.uasset" 400
"../../../Engine/Plugins/Interchange/Assets/Content/Functions/MX_OrenNayarBSDF.uexp" 401
"../../../Engine/Plugins/Interchange/Assets/Content/Functions/MX_StandardSurface.uasset" 402
"../../../Engine/Plugins/Interchange/Assets/Content/Functions/MX_StandardSurface.uexp" 403
"../../../Engine/Plugins/Interchange/Assets/Content/Functions/MX_TransmissionSurface.uasset" 404
"../../../Engine/Plugins/Interchange/Assets/Content/Functions/MX_TransmissionSurface.uexp" 405
"../../../Engine/Plugins/Interchange/Assets/Content/Functions/MX_OpenPBR_Translucent.uasset" 406
"../../../Engine/Plugins/Interchange/Assets/Content/Functions/MX_OpenPBR_Translucent.uexp" 407
"../../../Engine/Plugins/Interchange/Assets/Content/Functions/MX_OpenPBR_Opaque.uasset" 408
"../../../Engine/Plugins/Interchange/Assets/Content/Functions/MX_OpenPBR_Opaque.uexp" 409
"../../../Engine/Plugins/Interchange/Assets/Content/Functions/MX_MeasuredEDF.uasset" 410
"../../../Engine/Plugins/Interchange/Assets/Content/Functions/MX_MeasuredEDF.uexp" 411
"../../../Engine/Plugins/Interchange/Assets/Content/Functions/MX_GeneralizedSchlickBSDF.uasset" 412
"../../../Engine/Plugins/Interchange/Assets/Content/Functions/MX_GeneralizedSchlickBSDF.uexp" 413
"../../../Engine/Plugins/Interchange/Assets/Content/Functions/MX_Displacement.uasset" 414
"../../../Engine/Plugins/Interchange/Assets/Content/Functions/MX_Displacement.uexp" 415
"../../../Engine/Plugins/Interchange/Assets/Content/Functions/MX_DielectricBSDF.uasset" 416
"../../../Engine/Plugins/Interchange/Assets/Content/Functions/MX_DielectricBSDF.uexp" 417
"../../../Engine/Plugins/Interchange/Assets/Content/Functions/MX_ConicalEDF.uasset" 418
"../../../Engine/Plugins/Interchange/Assets/Content/Functions/MX_ConicalEDF.uexp" 419
"../../../Engine/Plugins/Interchange/Assets/Content/Functions/MX_ConductorBSDF.uasset" 420
"../../../Engine/Plugins/Interchange/Assets/Content/Functions/MX_ConductorBSDF.uexp" 421
"../../../Engine/Plugins/Interchange/Assets/Content/Functions/MX_BurleyDiffuseBSDF.uasset" 422
"../../../Engine/Plugins/Interchange/Assets/Content/Functions/MX_BurleyDiffuseBSDF.uexp" 423
"../../../Engine/Plugins/Interchange/Assets/Content/Functions/MX_AnisotropicVDF.uasset" 424
"../../../Engine/Plugins/Interchange/Assets/Content/Functions/MX_AnisotropicVDF.uexp" 425
"../../../Engine/Plugins/Interchange/Assets/Content/Functions/MX_AbsorptionVDF.uasset" 426
"../../../Engine/Plugins/Interchange/Assets/Content/Functions/MX_AbsorptionVDF.uexp" 427
"../../../Engine/Content/Functions/Engine_MaterialFunctions02/Utility/VectorLength.uasset" 428
"../../../Engine/Content/Functions/Engine_MaterialFunctions02/Utility/VectorLength.uexp" 429
"../../../Engine/Content/Functions/Engine_MaterialFunctions02/ObjectLocalBounds.uasset" 430
"../../../Engine/Content/Functions/Engine_MaterialFunctions02/ObjectLocalBounds.uexp" 431
"../../../Engine/Content/Functions/Engine_MaterialFunctions02/WorldPositionOffset/ObjectScale.uasset" 432
"../../../Engine/Content/Functions/Engine_MaterialFunctions02/WorldPositionOffset/ObjectScale.uexp" 433
"../../../Engine/Content/Functions/Engine_MaterialFunctions02/SafeNormalize.uasset" 434
"../../../Engine/Content/Functions/Engine_MaterialFunctions02/SafeNormalize.uexp" 435
"../../../Engine/Plugins/Editor/SpeedTreeImporter/Content/SpeedTree9/UnpackInteger3.uasset" 436
"../../../Engine/Plugins/Editor/SpeedTreeImporter/Content/SpeedTree9/UnpackInteger3.uexp" 437
"../../../Engine/Plugins/Editor/SpeedTreeImporter/Content/SpeedTree9/UnpackDirection.uasset" 438
"../../../Engine/Plugins/Editor/SpeedTreeImporter/Content/SpeedTree9/UnpackDirection.uexp" 439
"../../../Engine/Plugins/Editor/SpeedTreeImporter/Content/SpeedTree9/game_wind_noise.ubulk" 440
"../../../Engine/Plugins/Editor/SpeedTreeImporter/Content/SpeedTree9/game_wind_noise.uasset" 441
"../../../Engine/Plugins/Editor/SpeedTreeImporter/Content/SpeedTree9/game_wind_noise.uexp" 442
"../../../Engine/Plugins/Editor/SpeedTreeImporter/Content/SpeedTree9/SpeedTreeWindMotion.uasset" 443
"../../../Engine/Plugins/Editor/SpeedTreeImporter/Content/SpeedTree9/SpeedTreeWindMotion.uexp" 444
"../../../Engine/Plugins/Editor/SpeedTreeImporter/Content/SpeedTree9/SpeedTreeBranchMotion.uasset" 445
"../../../Engine/Plugins/Editor/SpeedTreeImporter/Content/SpeedTree9/SpeedTreeBranchMotion.uexp" 446
"../../../Engine/Content/Functions/Engine_MaterialFunctions02/UVs/BoundingBoxBased_0-1_UVW.uasset" 447
"../../../Engine/Content/Functions/Engine_MaterialFunctions02/UVs/BoundingBoxBased_0-1_UVW.uexp" 448
"../../../Engine/Plugins/Editor/SpeedTreeImporter/Content/SpeedTree9/SpeedTreeWind.uasset" 449
"../../../Engine/Plugins/Editor/SpeedTreeImporter/Content/SpeedTree9/SpeedTreeWind.uexp" 450
"../../../Engine/Plugins/Editor/SpeedTreeImporter/Content/SpeedTree9/SpeedTreeCameraFacing.uasset" 451
"../../../Engine/Plugins/Editor/SpeedTreeImporter/Content/SpeedTree9/SpeedTreeCameraFacing.uexp" 452
"../../../Engine/Plugins/Editor/SpeedTreeImporter/Content/SpeedTree9/EmptyNormal.uasset" 453
"../../../Engine/Plugins/Editor/SpeedTreeImporter/Content/SpeedTree9/EmptyNormal.uexp" 454
"../../../Engine/Plugins/Editor/SpeedTreeImporter/Content/SpeedTree9/Empty.uasset" 455
"../../../Engine/Plugins/Editor/SpeedTreeImporter/Content/SpeedTree9/Empty.uexp" 456
"../../../Engine/Plugins/Editor/SpeedTreeImporter/Content/SpeedTree9/SpeedTreeMaster.uasset" 457
"../../../Engine/Plugins/Editor/SpeedTreeImporter/Content/SpeedTree9/SpeedTreeMaster.uexp" 458
"../../../Engine/Plugins/Editor/SpeedTreeImporter/Content/SpeedTree9/SpeedTreeBillboard.uasset" 459
"../../../Engine/Plugins/Editor/SpeedTreeImporter/Content/SpeedTree9/SpeedTreeBillboard.uexp" 460
"../../../Engine/Plugins/Editor/SpeedTreeImporter/Content/SpeedTree9/SpeedTreeBillboardMaster.uasset" 461
"../../../Engine/Plugins/Editor/SpeedTreeImporter/Content/SpeedTree9/SpeedTreeBillboardMaster.uexp" 462
"../../../Engine/Content/Functions/Engine_MaterialFunctions02/WorldPositionOffset/CameraOffset.uasset" 463
"../../../Engine/Content/Functions/Engine_MaterialFunctions02/WorldPositionOffset/CameraOffset.uexp" 464
"../../../Engine/Plugins/Animation/ControlRig/Content/M_Manip.uasset" 465
"../../../Engine/Plugins/Animation/ControlRig/Content/M_Manip.uexp" 466
"../../../Engine/Plugins/Animation/ControlRig/Content/Controls/DefaultGizmoLibraryNormalized.uasset" 467
"../../../Engine/Plugins/Animation/ControlRig/Content/Controls/DefaultGizmoLibraryNormalized.uexp" 468
"../../../Engine/Plugins/Animation/ControlRig/Content/Controls/ControlRig_Wedge_solid.uasset" 469
"../../../Engine/Plugins/Animation/ControlRig/Content/Controls/ControlRig_Wedge_solid.uexp" 470
"../../../Engine/Plugins/Animation/ControlRig/Content/Controls/ControlRig_Wedge_3mm.uasset" 471
"../../../Engine/Plugins/Animation/ControlRig/Content/Controls/ControlRig_Wedge_3mm.uexp" 472
"../../../Engine/Plugins/Animation/ControlRig/Content/Controls/ControlRig_Wedge_1mm.uasset" 473
"../../../Engine/Plugins/Animation/ControlRig/Content/Controls/ControlRig_Wedge_1mm.uexp" 474
"../../../Engine/Plugins/Animation/ControlRig/Content/Controls/ControlRig_Triangle_solid.uasset" 475
"../../../Engine/Plugins/Animation/ControlRig/Content/Controls/ControlRig_Triangle_solid.uexp" 476
"../../../Engine/Plugins/Animation/ControlRig/Content/Controls/ControlRig_Triangle_3mm.uasset" 477
"../../../Engine/Plugins/Animation/ControlRig/Content/Controls/ControlRig_Triangle_3mm.uexp" 478
"../../../Engine/Plugins/Animation/ControlRig/Content/Controls/ControlRig_Triangle_1mm.uasset" 479
"../../../Engine/Plugins/Animation/ControlRig/Content/Controls/ControlRig_Triangle_1mm.uexp" 480
"../../../Engine/Plugins/Animation/ControlRig/Content/Controls/ControlRig_Star4_solid.uasset" 481
"../../../Engine/Plugins/Animation/ControlRig/Content/Controls/ControlRig_Star4_solid.uexp" 482
"../../../Engine/Plugins/Animation/ControlRig/Content/Controls/ControlRig_Star4_3mm.uasset" 483
"../../../Engine/Plugins/Animation/ControlRig/Content/Controls/ControlRig_Star4_3mm.uexp" 484
"../../../Engine/Plugins/Animation/ControlRig/Content/Controls/ControlRig_Star4_1mm.uasset" 485
"../../../Engine/Plugins/Animation/ControlRig/Content/Controls/ControlRig_Star4_1mm.uexp" 486
"../../../Engine/Plugins/Animation/ControlRig/Content/Controls/ControlRig_Square_solid.uasset" 487
"../../../Engine/Plugins/Animation/ControlRig/Content/Controls/ControlRig_Square_solid.uexp" 488
"../../../Engine/Plugins/Animation/ControlRig/Content/Controls/ControlRig_Square_3mm.uasset" 489
"../../../Engine/Plugins/Animation/ControlRig/Content/Controls/ControlRig_Square_3mm.uexp" 490
"../../../Engine/Plugins/Animation/ControlRig/Content/Controls/ControlRig_Square_1mm.uasset" 491
"../../../Engine/Plugins/Animation/ControlRig/Content/Controls/ControlRig_Square_1mm.uexp" 492
"../../../Engine/Plugins/Animation/ControlRig/Content/Controls/ControlRig_Sphere_solid.uasset" 493
"../../../Engine/Plugins/Animation/ControlRig/Content/Controls/ControlRig_Sphere_solid.uexp" 494
"../../../Engine/Plugins/Animation/ControlRig/Content/Controls/ControlRig_Sphere_3mm.uasset" 495
"../../../Engine/Plugins/Animation/ControlRig/Content/Controls/ControlRig_Sphere_3mm.uexp" 496
"../../../Engine/Plugins/Animation/ControlRig/Content/Controls/ControlRig_Sphere_1mm.uasset" 497
"../../../Engine/Plugins/Animation/ControlRig/Content/Controls/ControlRig_Sphere_1mm.uexp" 498
"../../../Engine/Plugins/Animation/ControlRig/Content/Controls/ControlRig_RoundedTriangle_solid.uasset" 499
"../../../Engine/Plugins/Animation/ControlRig/Content/Controls/ControlRig_RoundedTriangle_solid.uexp" 500
"../../../Engine/Plugins/Animation/ControlRig/Content/Controls/ControlRig_RoundedTriangle_3mm.uasset" 501
"../../../Engine/Plugins/Animation/ControlRig/Content/Controls/ControlRig_RoundedTriangle_3mm.uexp" 502
"../../../Engine/Plugins/Animation/ControlRig/Content/Controls/ControlRig_RoundedTriangle_1mm.uasset" 503
"../../../Engine/Plugins/Animation/ControlRig/Content/Controls/ControlRig_RoundedTriangle_1mm.uexp" 504
"../../../Engine/Plugins/Animation/ControlRig/Content/Controls/ControlRig_RoundedSquare_solid.uasset" 505
"../../../Engine/Plugins/Animation/ControlRig/Content/Controls/ControlRig_RoundedSquare_solid.uexp" 506
"../../../Engine/Plugins/Animation/ControlRig/Content/Controls/ControlRig_RoundedSquare_3mm.uasset" 507
"../../../Engine/Plugins/Animation/ControlRig/Content/Controls/ControlRig_RoundedSquare_3mm.uexp" 508
"../../../Engine/Plugins/Animation/ControlRig/Content/Controls/ControlRig_RoundedSquare_1mm.uasset" 509
"../../../Engine/Plugins/Animation/ControlRig/Content/Controls/ControlRig_RoundedSquare_1mm.uexp" 510
"../../../Engine/Plugins/Animation/ControlRig/Content/Controls/ControlRig_QuarterCircle_solid.uasset" 511
"../../../Engine/Plugins/Animation/ControlRig/Content/Controls/ControlRig_QuarterCircle_solid.uexp" 512
"../../../Engine/Plugins/Animation/ControlRig/Content/Controls/ControlRig_QuarterCircle_3mm.uasset" 513
"../../../Engine/Plugins/Animation/ControlRig/Content/Controls/ControlRig_QuarterCircle_3mm.uexp" 514
"../../../Engine/Plugins/Animation/ControlRig/Content/Controls/ControlRig_QuarterCircle_1mm.uasset" 515
"../../../Engine/Plugins/Animation/ControlRig/Content/Controls/ControlRig_QuarterCircle_1mm.uexp" 516
"../../../Engine/Plugins/Animation/ControlRig/Content/Controls/ControlRig_Pyramid_solid.uasset" 517
"../../../Engine/Plugins/Animation/ControlRig/Content/Controls/ControlRig_Pyramid_solid.uexp" 518
"../../../Engine/Plugins/Animation/ControlRig/Content/Controls/ControlRig_Pyramid_3mm.uasset" 519
"../../../Engine/Plugins/Animation/ControlRig/Content/Controls/ControlRig_Pyramid_3mm.uexp" 520
"../../../Engine/Plugins/Animation/ControlRig/Content/Controls/ControlRig_Pyramid_1mm.uasset" 521
"../../../Engine/Plugins/Animation/ControlRig/Content/Controls/ControlRig_Pyramid_1mm.uexp" 522
"../../../Engine/Plugins/Animation/ControlRig/Content/Controls/ControlRig_Octagon_solid.uasset" 523
"../../../Engine/Plugins/Animation/ControlRig/Content/Controls/ControlRig_Octagon_solid.uexp" 524
"../../../Engine/Plugins/Animation/ControlRig/Content/Controls/ControlRig_Octagon_3mm.uasset" 525
"../../../Engine/Plugins/Animation/ControlRig/Content/Controls/ControlRig_Octagon_3mm.uexp" 526
"../../../Engine/Plugins/Animation/ControlRig/Content/Controls/ControlRig_Octagon_1mm.uasset" 527
"../../../Engine/Plugins/Animation/ControlRig/Content/Controls/ControlRig_Octagon_1mm.uexp" 528
"../../../Engine/Plugins/Animation/ControlRig/Content/Controls/ControlRig_Hexagon_solid.uasset" 529
"../../../Engine/Plugins/Animation/ControlRig/Content/Controls/ControlRig_Hexagon_solid.uexp" 530
"../../../Engine/Plugins/Animation/ControlRig/Content/Controls/ControlRig_Hexagon_3mm.uasset" 531
"../../../Engine/Plugins/Animation/ControlRig/Content/Controls/ControlRig_Hexagon_3mm.uexp" 532
"../../../Engine/Plugins/Animation/ControlRig/Content/Controls/ControlRig_Hexagon_1mm.uasset" 533
"../../../Engine/Plugins/Animation/ControlRig/Content/Controls/ControlRig_Hexagon_1mm.uexp" 534
"../../../Engine/Plugins/Animation/ControlRig/Content/Controls/ControlRig_HalfCircle_solid.uasset" 535
"../../../Engine/Plugins/Animation/ControlRig/Content/Controls/ControlRig_HalfCircle_solid.uexp" 536
"../../../Engine/Plugins/Animation/ControlRig/Content/Controls/ControlRig_HalfCircle_3mm.uasset" 537
"../../../Engine/Plugins/Animation/ControlRig/Content/Controls/ControlRig_HalfCircle_3mm.uexp" 538
"../../../Engine/Plugins/Animation/ControlRig/Content/Controls/ControlRig_HalfCircle_1mm.uasset" 539
"../../../Engine/Plugins/Animation/ControlRig/Content/Controls/ControlRig_HalfCircle_1mm.uexp" 540
"../../../Engine/Plugins/Animation/ControlRig/Content/Controls/ControlRig_Diamond_solid.uasset" 541
"../../../Engine/Plugins/Animation/ControlRig/Content/Controls/ControlRig_Diamond_solid.uexp" 542
"../../../Engine/Plugins/Animation/ControlRig/Content/Controls/ControlRig_Diamond_3mm.uasset" 543
"../../../Engine/Plugins/Animation/ControlRig/Content/Controls/ControlRig_Diamond_3mm.uexp" 544
"../../../Engine/Plugins/Animation/ControlRig/Content/Controls/ControlRig_Diamond_1mm.uasset" 545
"../../../Engine/Plugins/Animation/ControlRig/Content/Controls/ControlRig_Diamond_1mm.uexp" 546
"../../../Engine/Plugins/Animation/ControlRig/Content/Controls/ControlRig_Circle_solid.uasset" 547
"../../../Engine/Plugins/Animation/ControlRig/Content/Controls/ControlRig_Circle_solid.uexp" 548
"../../../Engine/Plugins/Animation/ControlRig/Content/Controls/ControlRig_Circle_3mm.uasset" 549
"../../../Engine/Plugins/Animation/ControlRig/Content/Controls/ControlRig_Circle_3mm.uexp" 550
"../../../Engine/Plugins/Animation/ControlRig/Content/Controls/ControlRig_Circle_1mm.uasset" 551
"../../../Engine/Plugins/Animation/ControlRig/Content/Controls/ControlRig_Circle_1mm.uexp" 552
"../../../Engine/Plugins/Animation/ControlRig/Content/Controls/ControlRig_Box_solid.uasset" 553
"../../../Engine/Plugins/Animation/ControlRig/Content/Controls/ControlRig_Box_solid.uexp" 554
"../../../Engine/Plugins/Animation/ControlRig/Content/Controls/ControlRig_Box_3mm.uasset" 555
"../../../Engine/Plugins/Animation/ControlRig/Content/Controls/ControlRig_Box_3mm.uexp" 556
"../../../Engine/Plugins/Animation/ControlRig/Content/Controls/ControlRig_Box_1mm.uasset" 557
"../../../Engine/Plugins/Animation/ControlRig/Content/Controls/ControlRig_Box_1mm.uexp" 558
"../../../Engine/Plugins/Animation/ControlRig/Content/Controls/ControlRig_Arrow_solid.uasset" 559
"../../../Engine/Plugins/Animation/ControlRig/Content/Controls/ControlRig_Arrow_solid.uexp" 560
"../../../Engine/Plugins/Animation/ControlRig/Content/Controls/ControlRig_Arrow_3mm.uasset" 561
"../../../Engine/Plugins/Animation/ControlRig/Content/Controls/ControlRig_Arrow_3mm.uexp" 562
"../../../Engine/Plugins/Animation/ControlRig/Content/Controls/ControlRig_Arrow_1mm.uasset" 563
"../../../Engine/Plugins/Animation/ControlRig/Content/Controls/ControlRig_Arrow_1mm.uexp" 564
"../../../Engine/Plugins/Animation/ControlRig/Content/Controls/ControlRig_Arrow4_solid.uasset" 565
"../../../Engine/Plugins/Animation/ControlRig/Content/Controls/ControlRig_Arrow4_solid.uexp" 566
"../../../Engine/Plugins/Animation/ControlRig/Content/Controls/ControlRig_Arrow4_3mm.uasset" 567
"../../../Engine/Plugins/Animation/ControlRig/Content/Controls/ControlRig_Arrow4_3mm.uexp" 568
"../../../Engine/Plugins/Animation/ControlRig/Content/Controls/ControlRig_Arrow4_1mm.uasset" 569
"../../../Engine/Plugins/Animation/ControlRig/Content/Controls/ControlRig_Arrow4_1mm.uexp" 570
"../../../Engine/Plugins/Animation/ControlRig/Content/Controls/ControlRig_Arrow2_solid.uasset" 571
"../../../Engine/Plugins/Animation/ControlRig/Content/Controls/ControlRig_Arrow2_solid.uexp" 572
"../../../Engine/Plugins/Animation/ControlRig/Content/Controls/ControlRig_Arrow2_3mm.uasset" 573
"../../../Engine/Plugins/Animation/ControlRig/Content/Controls/ControlRig_Arrow2_3mm.uexp" 574
"../../../Engine/Plugins/Animation/ControlRig/Content/Controls/ControlRig_Arrow2_1mm.uasset" 575
"../../../Engine/Plugins/Animation/ControlRig/Content/Controls/ControlRig_Arrow2_1mm.uexp" 576
"../../../Engine/Plugins/Animation/ControlRig/Content/Controls/ControlRigXRayMaterial.uasset" 577
"../../../Engine/Plugins/Animation/ControlRig/Content/Controls/ControlRigXRayMaterial.uexp" 578
"../../../Engine/Plugins/Animation/ControlRig/Content/Controls/ControlRigGizmoMaterial.uasset" 579
"../../../Engine/Plugins/Animation/ControlRig/Content/Controls/ControlRigGizmoMaterial.uexp" 580
"../../../Engine/Plugins/Animation/ACLPlugin/Content/ACLAnimCurveCompressionSettings.uasset" 581
"../../../Engine/Plugins/Animation/ACLPlugin/Content/ACLAnimCurveCompressionSettings.uexp" 582
"../../../Engine/Plugins/Animation/ACLPlugin/Content/ACLAnimBoneCompressionSettings.uasset" 583
"../../../Engine/Plugins/Animation/ACLPlugin/Content/ACLAnimBoneCompressionSettings.uexp" 584
"../../../Engine/Content/Functions/Engine_MaterialFunctions02/SplitComponents.uasset" 585
"../../../Engine/Content/Functions/Engine_MaterialFunctions02/SplitComponents.uexp" 586
"../../../Engine/Content/VREditor/SnapGrid/SnapGridMaterial.uasset" 587
"../../../Engine/Content/VREditor/SnapGrid/SnapGridMaterial.uexp" 588
"../../../Engine/Content/VREditor/SnapGrid/SnapGridPlaneMesh.uasset" 589
"../../../Engine/Content/VREditor/SnapGrid/SnapGridPlaneMesh.uexp" 590
"../../../Engine/Content/VREditor/Sounds/UI/Drop_Item_From_ContentBrowser.ubulk" 591
"../../../Engine/Content/VREditor/Sounds/UI/Drop_Item_From_ContentBrowser.uasset" 592
"../../../Engine/Content/VREditor/Sounds/UI/Drop_Item_From_ContentBrowser.uexp" 593
"../../../Engine/Content/VREditor/Sounds/UI/Gizmo_Handle_Clicked.ubulk" 594
"../../../Engine/Content/VREditor/Sounds/UI/Gizmo_Handle_Clicked.uasset" 595
"../../../Engine/Content/VREditor/Sounds/UI/Gizmo_Handle_Clicked.uexp" 596
"../../../Engine/Content/VREditor/Sounds/UI/Object_PickUp.ubulk" 597
"../../../Engine/Content/VREditor/Sounds/UI/Object_PickUp.uasset" 598
"../../../Engine/Content/VREditor/Sounds/UI/Object_PickUp.uexp" 599
"../../../Engine/Content/VREditor/Sounds/UI/Object_Snaps_To_Another_Actor.ubulk" 600
"../../../Engine/Content/VREditor/Sounds/UI/Object_Snaps_To_Another_Actor.uasset" 601
"../../../Engine/Content/VREditor/Sounds/UI/Object_Snaps_To_Another_Actor.uexp" 602
"../../../Engine/Content/VREditor/Sounds/UI/Object_Snaps_To_Grid.ubulk" 603
"../../../Engine/Content/VREditor/Sounds/UI/Object_Snaps_To_Grid.uasset" 604
"../../../Engine/Content/VREditor/Sounds/UI/Object_Snaps_To_Grid.uexp" 605
"../../../Engine/Content/VREditor/Sounds/UI/Scaling_Down.ubulk" 606
"../../../Engine/Content/VREditor/Sounds/UI/Scaling_Down.uasset" 607
"../../../Engine/Content/VREditor/Sounds/UI/Scaling_Down.uexp" 608
"../../../Engine/Content/VREditor/Sounds/UI/Scaling_Up.ubulk" 609
"../../../Engine/Content/VREditor/Sounds/UI/Scaling_Up.uasset" 610
"../../../Engine/Content/VREditor/Sounds/UI/Scaling_Up.uexp" 611
"../../../Engine/Content/VREditor/Sounds/UI/Selection_Changes.ubulk" 612
"../../../Engine/Content/VREditor/Sounds/UI/Selection_Changes.uasset" 613
"../../../Engine/Content/VREditor/Sounds/UI/Selection_Changes.uexp" 614
"../../../Engine/Content/VREditor/TransformGizmo/PlaneTranslationHandle.uasset" 615
"../../../Engine/Content/VREditor/TransformGizmo/PlaneTranslationHandle.uexp" 616
"../../../Engine/Content/VREditor/TransformGizmo/RotationHandleFull.uasset" 617
"../../../Engine/Content/VREditor/TransformGizmo/RotationHandleFull.uexp" 618
"../../../Engine/Content/VREditor/TransformGizmo/RotationHandleIndicator.uasset" 619
"../../../Engine/Content/VREditor/TransformGizmo/RotationHandleIndicator.uexp" 620
"../../../Engine/Content/VREditor/TransformGizmo/RotationHandleQuarter.uasset" 621
"../../../Engine/Content/VREditor/TransformGizmo/RotationHandleQuarter.uexp" 622
"../../../Engine/Content/VREditor/TransformGizmo/StartRotationHandleIndicator.uasset" 623
"../../../Engine/Content/VREditor/TransformGizmo/StartRotationHandleIndicator.uexp" 624
"../../../Engine/Content/VREditor/TransformGizmo/TranslucentTransformGizmoMaterial_Inst.uasset" 625
"../../../Engine/Content/VREditor/TransformGizmo/TranslucentTransformGizmoMaterial_Inst.uexp" 626
"../../../Engine/Content/VREditor/TransformGizmo/TransformGizmoFreeRotation.uasset" 627
"../../../Engine/Content/VREditor/TransformGizmo/TransformGizmoFreeRotation.uexp" 628
"../../../Engine/Content/VREditor/TransformGizmo/TransformGizmoMaterial_Inst.uasset" 629
"../../../Engine/Content/VREditor/TransformGizmo/TransformGizmoMaterial_Inst.uexp" 630
"../../../Engine/Content/VREditor/TransformGizmo/TranslateArrowHandle.uasset" 631
"../../../Engine/Content/VREditor/TransformGizmo/TranslateArrowHandle.uexp" 632
"../../../Engine/Content/VREditor/TransformGizmo/UniformScaleHandle.uasset" 633
"../../../Engine/Content/VREditor/TransformGizmo/UniformScaleHandle.uexp" 634
"../../../Engine/Content/MobileResources/HUD/VirtualJoystick_Thumb.uasset" 635
"../../../Engine/Content/MobileResources/HUD/VirtualJoystick_Thumb.uexp" 636
"../../../Engine/Content/MobileResources/HUD/VirtualJoystick_Background.uasset" 637
"../../../Engine/Content/MobileResources/HUD/VirtualJoystick_Background.uexp" 638
"../../../Engine/Content/MobileResources/HUD/DefaultVirtualJoysticks.uasset" 639
"../../../Engine/Content/MobileResources/HUD/DefaultVirtualJoysticks.uexp" 640
"../../../Engine/Content/Functions/Engine_MaterialFunctions01/Shading/PowerToRoughness.uasset" 641
"../../../Engine/Content/Functions/Engine_MaterialFunctions01/Shading/PowerToRoughness.uexp" 642
"../../../Engine/Content/Functions/Engine_MaterialFunctions01/Shading/ConvertFromDiffSpec.uasset" 643
"../../../Engine/Content/Functions/Engine_MaterialFunctions01/Shading/ConvertFromDiffSpec.uexp" 644
"../../../Engine/Content/EngineSounds/Master.uasset" 645
"../../../Engine/Content/EngineSounds/Master.uexp" 646
"../../../Engine/Content/EngineResources/LandscapeVisibilityLayerInfo.uasset" 647
"../../../Engine/Content/EngineResources/LandscapeVisibilityLayerInfo.uexp" 648
"../../../Engine/Content/EngineResources/FilmGrains/Marcie_Grain_v3_128_M2_000.uasset" 649
"../../../Engine/Content/EngineResources/FilmGrains/Marcie_Grain_v3_128_M2_000.uexp" 650
"../../../Engine/Content/EngineResources/Development/ZenLogo_64.uasset" 651
"../../../Engine/Content/EngineResources/Development/ZenLogo_64.uexp" 652
"../../../Engine/Content/EngineResources/WhiteSquareTexture.uasset" 653
"../../../Engine/Content/EngineResources/WhiteSquareTexture.uexp" 654
"../../../Engine/Content/EngineMaterials/Widget3DPassThrough.uasset" 655
"../../../Engine/Content/EngineMaterials/Widget3DPassThrough.uexp" 656
"../../../Engine/Content/EngineMaterials/Widget3DPassThrough_Translucent.uasset" 657
"../../../Engine/Content/EngineMaterials/Widget3DPassThrough_Translucent.uexp" 658
"../../../Engine/Content/EngineMaterials/Widget3DPassThrough_Translucent_OneSided.uasset" 659
"../../../Engine/Content/EngineMaterials/Widget3DPassThrough_Translucent_OneSided.uexp" 660
"../../../Engine/Content/EngineMaterials/Widget3DPassThrough_Opaque.uasset" 661
"../../../Engine/Content/EngineMaterials/Widget3DPassThrough_Opaque.uexp" 662
"../../../Engine/Content/EngineMaterials/Widget3DPassThrough_Opaque_OneSided.uasset" 663
"../../../Engine/Content/EngineMaterials/Widget3DPassThrough_Opaque_OneSided.uexp" 664
"../../../Engine/Content/EngineMaterials/Widget3DPassThrough_Masked_OneSided.uasset" 665
"../../../Engine/Content/EngineMaterials/Widget3DPassThrough_Masked_OneSided.uexp" 666
"../../../Engine/Content/EngineMaterials/Widget3DPassThrough_Masked.uasset" 667
"../../../Engine/Content/EngineMaterials/Widget3DPassThrough_Masked.uexp" 668
"../../../Engine/Content/EngineMaterials/RemoveSurfaceMaterial.uasset" 669
"../../../Engine/Content/EngineMaterials/RemoveSurfaceMaterial.uexp" 670
"../../../Engine/Content/EngineMaterials/DefaultCalibrationGrayscale.uasset" 671
"../../../Engine/Content/EngineMaterials/DefaultCalibrationGrayscale.uexp" 672
"../../../Engine/Content/EngineMaterials/PPM_DefaultCalibrationGrayscale.uasset" 673
"../../../Engine/Content/EngineMaterials/PPM_DefaultCalibrationGrayscale.uexp" 674
"../../../Engine/Content/EngineMaterials/DefaultCalibrationColor.uasset" 675
"../../../Engine/Content/EngineMaterials/DefaultCalibrationColor.uexp" 676
"../../../Engine/Content/EngineMaterials/PPM_DefaultCalibrationColor.uasset" 677
"../../../Engine/Content/EngineMaterials/PPM_DefaultCalibrationColor.uexp" 678
"../../../Engine/Content/EngineMaterials/PhAT_JointLimitMaterial.uasset" 679
"../../../Engine/Content/EngineMaterials/PhAT_JointLimitMaterial.uexp" 680
"../../../Engine/Content/EngineMaterials/NaniteHiddenSectionMaterial.uasset" 681
"../../../Engine/Content/EngineMaterials/NaniteHiddenSectionMaterial.uexp" 682
"../../../Engine/Content/EngineMaterials/InvalidLightmapSettings.ubulk" 683
"../../../Engine/Content/EngineMaterials/InvalidLightmapSettings.uasset" 684
"../../../Engine/Content/EngineMaterials/InvalidLightmapSettings.uexp" 685
"../../../Engine/Content/EngineMaterials/M_InvalidLightmapSettings.uasset" 686
"../../../Engine/Content/EngineMaterials/M_InvalidLightmapSettings.uexp" 687
"../../../Engine/Content/EngineMaterials/GizmoMaterial.uasset" 688
"../../../Engine/Content/EngineMaterials/GizmoMaterial.uexp" 689
"../../../Engine/Content/EngineMaterials/Black_1x1_EXR_Texture_VT.ubulk" 690
"../../../Engine/Content/EngineMaterials/Black_1x1_EXR_Texture_VT.uasset" 691
"../../../Engine/Content/EngineMaterials/Black_1x1_EXR_Texture_VT.uexp" 692
"../../../Engine/Content/EngineMaterials/BaseFlattenNormalMap_VT.ubulk" 693
"../../../Engine/Content/EngineMaterials/BaseFlattenNormalMap_VT.uasset" 694
"../../../Engine/Content/EngineMaterials/BaseFlattenNormalMap_VT.uexp" 695
"../../../Engine/Content/EngineMaterials/BaseFlattenLinearColor_VT.ubulk" 696
"../../../Engine/Content/EngineMaterials/BaseFlattenLinearColor_VT.uasset" 697
"../../../Engine/Content/EngineMaterials/BaseFlattenLinearColor_VT.uexp" 698
"../../../Engine/Content/EngineMaterials/BaseFlattenGrayscaleMap_VT.ubulk" 699
"../../../Engine/Content/EngineMaterials/BaseFlattenGrayscaleMap_VT.uasset" 700
"../../../Engine/Content/EngineMaterials/BaseFlattenGrayscaleMap_VT.uexp" 701
"../../../Engine/Content/EngineMaterials/BaseFlattenDiffuseMap_VT.ubulk" 702
"../../../Engine/Content/EngineMaterials/BaseFlattenDiffuseMap_VT.uasset" 703
"../../../Engine/Content/EngineMaterials/BaseFlattenDiffuseMap_VT.uexp" 704
"../../../Engine/Content/EngineMaterials/BaseFlattenEmissiveMap_VT.ubulk" 705
"../../../Engine/Content/EngineMaterials/BaseFlattenEmissiveMap_VT.uasset" 706
"../../../Engine/Content/EngineMaterials/BaseFlattenEmissiveMap_VT.uexp" 707
"../../../Engine/Content/EngineMaterials/FlattenMaterial_WS_Normal_VT.uasset" 708
"../../../Engine/Content/EngineMaterials/FlattenMaterial_WS_Normal_VT.uexp" 709
"../../../Engine/Content/EngineMaterials/FlattenMaterial_VT.uasset" 710
"../../../Engine/Content/EngineMaterials/FlattenMaterial_VT.uexp" 711
"../../../Engine/Content/EngineMaterials/BaseFlattenLinearColor.uasset" 712
"../../../Engine/Content/EngineMaterials/BaseFlattenLinearColor.uexp" 713
"../../../Engine/Content/EngineMaterials/BaseFlattenNormalMap.uasset" 714
"../../../Engine/Content/EngineMaterials/BaseFlattenNormalMap.uexp" 715
"../../../Engine/Content/Functions/Engine_MaterialFunctions02/PivotPainter2/Black_1x1_EXR_Texture.uasset" 716
"../../../Engine/Content/Functions/Engine_MaterialFunctions02/PivotPainter2/Black_1x1_EXR_Texture.uexp" 717
"../../../Engine/Content/EngineMaterials/BaseFlattenDiffuseMap.uasset" 718
"../../../Engine/Content/EngineMaterials/BaseFlattenDiffuseMap.uexp" 719
"../../../Engine/Content/EngineMaterials/BaseFlattenEmissiveMap.uasset" 720
"../../../Engine/Content/EngineMaterials/BaseFlattenEmissiveMap.uexp" 721
"../../../Engine/Content/EngineMaterials/BaseFlattenGrayscaleMap.uasset" 722
"../../../Engine/Content/EngineMaterials/BaseFlattenGrayscaleMap.uexp" 723
"../../../Engine/Content/EngineMaterials/FlattenMaterial.uasset" 724
"../../../Engine/Content/EngineMaterials/FlattenMaterial.uexp" 725
"../../../Engine/Content/EngineMaterials/FastBlueNoise_vec2_128x128x64.uasset" 726
"../../../Engine/Content/EngineMaterials/FastBlueNoise_vec2_128x128x64.uexp" 727
"../../../Engine/Content/EngineMaterials/FastBlueNoise_scalar_128x128x8.uasset" 728
"../../../Engine/Content/EngineMaterials/FastBlueNoise_scalar_128x128x8.uexp" 729
"../../../Engine/Content/EngineMaterials/FastBlueNoise_scalar_128x128x64.uasset" 730
"../../../Engine/Content/EngineMaterials/FastBlueNoise_scalar_128x128x64.uexp" 731
"../../../Engine/Content/EngineMaterials/DefaultWhiteGrid_Low.uasset" 732
"../../../Engine/Content/EngineMaterials/DefaultWhiteGrid_Low.uexp" 733
"../../../Engine/Content/EngineMaterials/EmissiveMeshMaterial.uasset" 734
"../../../Engine/Content/EngineMaterials/EmissiveMeshMaterial.uexp" 735
"../../../Engine/Content/EngineFonts/RobotoDistanceField.uasset" 736
"../../../Engine/Content/EngineFonts/RobotoDistanceField.uexp" 737
"../../../Engine/Content/EngineMaterials/DefaultTextMaterialOpaque.uasset" 738
"../../../Engine/Content/EngineMaterials/DefaultTextMaterialOpaque.uexp" 739
"../../../Engine/Content/Functions/Engine_MaterialFunctions02/Utility/BreakOutFloat2Components.uasset" 740
"../../../Engine/Content/Functions/Engine_MaterialFunctions02/Utility/BreakOutFloat2Components.uexp" 741
"../../../Engine/Content/EngineMaterials/DefaultDiffuse.ubulk" 742
"../../../Engine/Content/EngineMaterials/DefaultDiffuse.uasset" 743
"../../../Engine/Content/EngineMaterials/DefaultDiffuse.uexp" 744
"../../../Engine/Content/EngineMaterials/DefaultPostProcessMaterial.uasset" 745
"../../../Engine/Content/EngineMaterials/DefaultPostProcessMaterial.uexp" 746
"../../../Engine/Content/EngineMaterials/DefaultPhysicalMaterial.uasset" 747
"../../../Engine/Content/EngineMaterials/DefaultPhysicalMaterial.uexp" 748
"../../../Engine/Content/EngineMaterials/DefaultLightFunctionMaterial.uasset" 749
"../../../Engine/Content/EngineMaterials/DefaultLightFunctionMaterial.uexp" 750
"../../../Engine/Content/EngineMaterials/DefaultDestructiblePhysicalMaterial.uasset" 751
"../../../Engine/Content/EngineMaterials/DefaultDestructiblePhysicalMaterial.uexp" 752
"../../../Engine/Content/EngineMaterials/DefaultDeferredDecalMaterial.uasset" 753
"../../../Engine/Content/EngineMaterials/DefaultDeferredDecalMaterial.uexp" 754
"../../../Engine/Content/EngineMaterials/DefaultBloomKernel.uasset" 755
"../../../Engine/Content/EngineMaterials/DefaultBloomKernel.uexp" 756
"../../../Engine/Content/EngineMaterials/Substrate/Volume/SubstrateSimpleVolumeLUT3D.uasset" 757
"../../../Engine/Content/EngineMaterials/Substrate/Volume/SubstrateSimpleVolumeLUT3D.uexp" 758
"../../../Engine/Content/EngineMaterials/Substrate/Volume/SubstrateSimpleVolumeEnvLUT3D.uasset" 759
"../../../Engine/Content/EngineMaterials/Substrate/Volume/SubstrateSimpleVolumeEnvLUT3D.uexp" 760
"../../../Engine/Plugins/Interchange/Runtime/Content/Pipelines/DefaultSceneAssetsPipeline.uasset" 761
"../../../Engine/Plugins/Interchange/Runtime/Content/Pipelines/DefaultSceneAssetsPipeline.uexp" 762
"../../../Engine/Plugins/Interchange/Runtime/Content/Pipelines/DefaultGLTFSceneAssetsPipeline.uasset" 763
"../../../Engine/Plugins/Interchange/Runtime/Content/Pipelines/DefaultGLTFSceneAssetsPipeline.uexp" 764
"../../../Engine/Plugins/Interchange/Runtime/Content/Pipelines/DefaultGLTFAssetsPipeline.uasset" 765
"../../../Engine/Plugins/Interchange/Runtime/Content/Pipelines/DefaultGLTFAssetsPipeline.uexp" 766
"../../../Engine/Plugins/Interchange/Runtime/Content/Pipelines/DefaultAssetsPipeline.uasset" 767
"../../../Engine/Plugins/Interchange/Runtime/Content/Pipelines/DefaultAssetsPipeline.uexp" 768
"../../../Engine/Plugins/Animation/DeformerGraph/Content/DeformerFunctions/DG_Function_LinearBlendSkin_Morph_Cloth.uasset" 769
"../../../Engine/Plugins/Animation/DeformerGraph/Content/DeformerFunctions/DG_Function_LinearBlendSkin_Morph_Cloth.uexp" 770
"../../../Engine/Plugins/Animation/DeformerGraph/Content/Deformers/DG_LinearBlendSkin_Morph_Cloth.uasset" 771
"../../../Engine/Plugins/Animation/DeformerGraph/Content/Deformers/DG_LinearBlendSkin_Morph_Cloth.uexp" 772
"../../../Engine/Plugins/Animation/DeformerGraph/Content/DeformerFunctions/DG_Function_LinearBlendSkin_Morph_Cloth_PositionOnly.uasset" 773
"../../../Engine/Plugins/Animation/DeformerGraph/Content/DeformerFunctions/DG_Function_LinearBlendSkin_Morph_Cloth_PositionOnly.uexp" 774
"../../../Engine/Plugins/Animation/DeformerGraph/Content/DeformerFunctions/DG_Function_ComputeNormalsTangents.uasset" 775
"../../../Engine/Plugins/Animation/DeformerGraph/Content/DeformerFunctions/DG_Function_ComputeNormalsTangents.uexp" 776
"../../../Engine/Plugins/Animation/DeformerGraph/Content/Deformers/DG_LinearBlendSkin_Morph_Cloth_RecomputeNormals.uasset" 777
"../../../Engine/Plugins/Animation/DeformerGraph/Content/Deformers/DG_LinearBlendSkin_Morph_Cloth_RecomputeNormals.uexp" 778
"../../../Engine/Content/EngineMaterials/Substrate/Glints2/AGlintTex2dArray2.uasset" 779
"../../../Engine/Content/EngineMaterials/Substrate/Glints2/AGlintTex2dArray2.uexp" 780
"../../../Engine/Content/EngineMaterials/Substrate/GLints/AGlintTex2dArray.uasset" 781
"../../../Engine/Content/EngineMaterials/Substrate/GLints/AGlintTex2dArray.uexp" 782
"../../../Engine/Content/EngineMaterials/LTC/Sheen_LTC.uasset" 783
"../../../Engine/Content/EngineMaterials/LTC/Sheen_LTC.uexp" 784
"../../../Engine/Content/EngineMaterials/EnergyConservation/Sheen_Energy.uasset" 785
"../../../Engine/Content/EngineMaterials/EnergyConservation/Sheen_Energy.uexp" 786
"../../../Engine/Content/EngineMaterials/EnergyConservation/Diffuse_Energy.uasset" 787
"../../../Engine/Content/EngineMaterials/EnergyConservation/Diffuse_Energy.uexp" 788
"../../../Engine/Content/EngineFonts/Faces/DroidSansFallback.uexp" 789
"../../../Engine/Content/EngineFonts/Faces/DroidSansFallback.uasset" 790
"../../../Engine/Content/EngineFonts/Faces/DroidSansFallback.ufont" 791
"../../../Engine/Content/EngineFonts/Faces/RobotoBold.uexp" 792
"../../../Engine/Content/EngineFonts/Faces/RobotoBold.uasset" 793
"../../../Engine/Content/EngineFonts/Faces/RobotoBold.ufont" 794
"../../../Engine/Content/EngineFonts/Faces/RobotoBoldItalic.uexp" 795
"../../../Engine/Content/EngineFonts/Faces/RobotoBoldItalic.uasset" 796
"../../../Engine/Content/EngineFonts/Faces/RobotoBoldItalic.ufont" 797
"../../../Engine/Content/EngineFonts/Faces/RobotoItalic.uexp" 798
"../../../Engine/Content/EngineFonts/Faces/RobotoItalic.uasset" 799
"../../../Engine/Content/EngineFonts/Faces/RobotoItalic.ufont" 800
"../../../Engine/Content/EngineFonts/Faces/RobotoLight.uexp" 801
"../../../Engine/Content/EngineFonts/Faces/RobotoLight.uasset" 802
"../../../Engine/Content/EngineFonts/Faces/RobotoLight.ufont" 803
"../../../Engine/Content/EngineFonts/Faces/RobotoRegular.uexp" 804
"../../../Engine/Content/EngineFonts/Faces/RobotoRegular.uasset" 805
"../../../Engine/Content/EngineFonts/Faces/RobotoRegular.ufont" 806
"../../../Engine/Content/EngineFonts/Roboto.uasset" 807
"../../../Engine/Content/EngineFonts/Roboto.uexp" 808
"../../../Engine/Content/EngineFonts/Faces/DroidSansMono.uexp" 809
"../../../Engine/Content/EngineFonts/Faces/DroidSansMono.uasset" 810
"../../../Engine/Content/EngineFonts/Faces/DroidSansMono.ufont" 811
"../../../Engine/Content/EngineFonts/DroidSansMono.uasset" 812
"../../../Engine/Content/EngineFonts/DroidSansMono.uexp" 813
"../../../Engine/Content/EngineDebugMaterials/VolumeToRender.uasset" 814
"../../../Engine/Content/EngineDebugMaterials/VolumeToRender.uexp" 815
"../../../Engine/Content/EngineDebugMaterials/M_VolumeRenderSphereTracePP.uasset" 816
"../../../Engine/Content/EngineDebugMaterials/M_VolumeRenderSphereTracePP.uexp" 817
"../../../Engine/Content/EngineDebugMaterials/M_SimpleUnlitTranslucent.uasset" 818
"../../../Engine/Content/EngineDebugMaterials/M_SimpleUnlitTranslucent.uexp" 819
"../../../Engine/Content/EngineDebugMaterials/DebugMeshMaterial.uasset" 820
"../../../Engine/Content/EngineDebugMaterials/DebugMeshMaterial.uexp" 821
"../../../Engine/Content/EngineDebugMaterials/DebugEditorMaterial.uasset" 822
"../../../Engine/Content/EngineDebugMaterials/DebugEditorMaterial.uexp" 823
"../../../Engine/Content/EngineDamageTypes/DmgTypeBP_Environmental.uasset" 824
"../../../Engine/Content/EngineDamageTypes/DmgTypeBP_Environmental.uexp" 825
"../../../Engine/Content/EditorResources/BSPVertex.uasset" 826
"../../../Engine/Content/EditorResources/BSPVertex.uexp" 827
"../../../Engine/Content/EditorMaterials/PreviewShadowIndicator.ubulk" 828
"../../../Engine/Content/EditorMaterials/PreviewShadowIndicator.uasset" 829
"../../../Engine/Content/EditorMaterials/PreviewShadowIndicator.uexp" 830
"../../../Engine/Content/EditorMaterials/PreviewShadowIndicatorMaterial.uasset" 831
"../../../Engine/Content/EditorMaterials/PreviewShadowIndicatorMaterial.uexp" 832
"../../../Engine/Content/EditorMaterials/PhAT_UnselectedMaterial.uasset" 833
"../../../Engine/Content/EditorMaterials/PhAT_UnselectedMaterial.uexp" 834
"../../../Engine/Content/EditorMaterials/PhAT_NoCollisionMaterial.uasset" 835
"../../../Engine/Content/EditorMaterials/PhAT_NoCollisionMaterial.uexp" 836
"../../../Engine/Content/EditorMaterials/Dataflow/DataflowVertexMaterial.uasset" 837
"../../../Engine/Content/EditorMaterials/Dataflow/DataflowVertexMaterial.uexp" 838
"../../../Engine/Content/EditorMaterials/Dataflow/DataflowTwoSidedVertexMaterial.uasset" 839
"../../../Engine/Content/EditorMaterials/Dataflow/DataflowTwoSidedVertexMaterial.uexp" 840
"../../../Engine/Content/EditorLandscapeResources/WhiteSquareTexture.uasset" 841
"../../../Engine/Content/EditorLandscapeResources/WhiteSquareTexture.uexp" 842
"../../../Engine/Content/Functions/Engine_MaterialFunctions03/Math/WithinRangeFloat2.uasset" 843
"../../../Engine/Content/Functions/Engine_MaterialFunctions03/Math/WithinRangeFloat2.uexp" 844
"../../../Engine/Content/EditorLandscapeResources/DefaultAlphaTexture.uasset" 845
"../../../Engine/Content/EditorLandscapeResources/DefaultAlphaTexture.uexp" 846
"../../../Engine/Content/EditorLandscapeResources/SelectBrushMaterial.uasset" 847
"../../../Engine/Content/EditorLandscapeResources/SelectBrushMaterial.uexp" 848
"../../../Engine/Content/EditorLandscapeResources/SelectBrushMaterial_SelectedRegion.uasset" 849
"../../../Engine/Content/EditorLandscapeResources/SelectBrushMaterial_SelectedRegion.uexp" 850
"../../../Engine/Content/EditorLandscapeResources/SelectBrushMaterial_Selected.uasset" 851
"../../../Engine/Content/EditorLandscapeResources/SelectBrushMaterial_Selected.uexp" 852
"../../../Engine/Content/EditorLandscapeResources/MaskBrushMaterial.uasset" 853
"../../../Engine/Content/EditorLandscapeResources/MaskBrushMaterial.uexp" 854
"../../../Engine/Content/EditorLandscapeResources/MaskBrushMaterial_MaskedRegion.uasset" 855
"../../../Engine/Content/EditorLandscapeResources/MaskBrushMaterial_MaskedRegion.uexp" 856
"../../../Engine/Content/EditorLandscapeResources/LayerVisMaterial.uasset" 857
"../../../Engine/Content/EditorLandscapeResources/LayerVisMaterial.uexp" 858
"../../../Engine/Content/Functions/Engine_MaterialFunctions01/Texturing/ScaleUVsByCenter.uasset" 859
"../../../Engine/Content/Functions/Engine_MaterialFunctions01/Texturing/ScaleUVsByCenter.uexp" 860
"../../../Engine/Content/Functions/Engine_MaterialFunctions02/WorldPositionOffset/LocalPosition.uasset" 861
"../../../Engine/Content/Functions/Engine_MaterialFunctions02/WorldPositionOffset/LocalPosition.uexp" 862
"../../../Engine/Content/Functions/Engine_MaterialFunctions01/Texturing/TextureCropping.uasset" 863
"../../../Engine/Content/Functions/Engine_MaterialFunctions01/Texturing/TextureCropping.uexp" 864
"../../../Engine/Content/Functions/Engine_MaterialFunctions02/ExampleContent/DebugNumberStrip.uasset" 865
"../../../Engine/Content/Functions/Engine_MaterialFunctions02/ExampleContent/DebugNumberStrip.uexp" 866
"../../../Engine/Content/Functions/Engine_MaterialFunctions01/Debug/DebugIntValues.uasset" 867
"../../../Engine/Content/Functions/Engine_MaterialFunctions01/Debug/DebugIntValues.uexp" 868
"../../../Engine/Content/EditorLandscapeResources/LandscapeLayerUsageMaterial.uasset" 869
"../../../Engine/Content/EditorLandscapeResources/LandscapeLayerUsageMaterial.uexp" 870
"../../../Engine/Content/EditorLandscapeResources/LandscapeDirtyMaterial.uasset" 871
"../../../Engine/Content/EditorLandscapeResources/LandscapeDirtyMaterial.uexp" 872
"../../../Engine/Content/EditorLandscapeResources/ColorMaskBrushMaterial.uasset" 873
"../../../Engine/Content/EditorLandscapeResources/ColorMaskBrushMaterial.uexp" 874
"../../../Engine/Content/EditorLandscapeResources/ColorMaskBrushMaterial_MaskedRegion.uasset" 875
"../../../Engine/Content/EditorLandscapeResources/ColorMaskBrushMaterial_MaskedRegion.uexp" 876
"../../../Engine/Content/BasicShapes/BasicShapeMaterial.uasset" 877
"../../../Engine/Content/BasicShapes/BasicShapeMaterial.uexp" 878
"../../../Engine/Content/Animation/DefaultVariableFrameStrippingSettings.uasset" 879
"../../../Engine/Content/Animation/DefaultVariableFrameStrippingSettings.uexp" 880
"../../../Engine/Content/Animation/DefaultRecorderBoneCompression.uasset" 881
"../../../Engine/Content/Animation/DefaultRecorderBoneCompression.uexp" 882
"../../../Engine/Content/BasicShapes/Cube.uasset" 883
"../../../Engine/Content/BasicShapes/Cube.uexp" 884
"../../../Engine/Content/BasicShapes/Cylinder.uasset" 885
"../../../Engine/Content/BasicShapes/Cylinder.uexp" 886
"C:/Users/Amrit/OneDrive/Documents/GitHub/Game/they-taught-the-rain-your-name-ue/Content/PenanceImported/Materials/M_Wet_Water_Or_Cloth_015.uasset" 887
"C:/Users/Amrit/OneDrive/Documents/GitHub/Game/they-taught-the-rain-your-name-ue/Content/PenanceImported/Materials/M_Wet_Water_Or_Cloth_015.uexp" 888
"C:/Users/Amrit/OneDrive/Documents/GitHub/Game/they-taught-the-rain-your-name-ue/Content/PenanceImported/Materials/M_Wet_Water_Or_Cloth_012.uasset" 889
"C:/Users/Amrit/OneDrive/Documents/GitHub/Game/they-taught-the-rain-your-name-ue/Content/PenanceImported/Materials/M_Wet_Water_Or_Cloth_012.uexp" 890
"C:/Users/Amrit/OneDrive/Documents/GitHub/Game/they-taught-the-rain-your-name-ue/Content/PenanceImported/Materials/M_Wet_Water_Or_Cloth_010.uasset" 891
"C:/Users/Amrit/OneDrive/Documents/GitHub/Game/they-taught-the-rain-your-name-ue/Content/PenanceImported/Materials/M_Wet_Water_Or_Cloth_010.uexp" 892
"C:/Users/Amrit/OneDrive/Documents/GitHub/Game/they-taught-the-rain-your-name-ue/Content/PenanceImported/Materials/M_Wet_Water_Or_Cloth_004.uasset" 893
"C:/Users/Amrit/OneDrive/Documents/GitHub/Game/they-taught-the-rain-your-name-ue/Content/PenanceImported/Materials/M_Wet_Water_Or_Cloth_004.uexp" 894
"C:/Users/Amrit/OneDrive/Documents/GitHub/Game/they-taught-the-rain-your-name-ue/Content/PenanceImported/Materials/M_Wet_Water_Or_Cloth_003.uasset" 895
"C:/Users/Amrit/OneDrive/Documents/GitHub/Game/they-taught-the-rain-your-name-ue/Content/PenanceImported/Materials/M_Wet_Water_Or_Cloth_003.uexp" 896
"C:/Users/Amrit/OneDrive/Documents/GitHub/Game/they-taught-the-rain-your-name-ue/Content/PenanceImported/Materials/M_Wet_Water_Or_Cloth_002.uasset" 897
"C:/Users/Amrit/OneDrive/Documents/GitHub/Game/they-taught-the-rain-your-name-ue/Content/PenanceImported/Materials/M_Wet_Water_Or_Cloth_002.uexp" 898
"C:/Users/Amrit/OneDrive/Documents/GitHub/Game/they-taught-the-rain-your-name-ue/Content/PenanceImported/Materials/M_Wet_Water_Or_Cloth_000.uasset" 899
"C:/Users/Amrit/OneDrive/Documents/GitHub/Game/they-taught-the-rain-your-name-ue/Content/PenanceImported/Materials/M_Wet_Water_Or_Cloth_000.uexp" 900
"C:/Users/Amrit/OneDrive/Documents/GitHub/Game/they-taught-the-rain-your-name-ue/Content/PenanceImported/Materials/M_Warm_Window_Or_Spill_009.uasset" 901
"C:/Users/Amrit/OneDrive/Documents/GitHub/Game/they-taught-the-rain-your-name-ue/Content/PenanceImported/Materials/M_Warm_Window_Or_Spill_009.uexp" 902
"C:/Users/Amrit/OneDrive/Documents/GitHub/Game/they-taught-the-rain-your-name-ue/Content/PenanceImported/Materials/M_Warm_Window_Or_Spill_008.uasset" 903
"C:/Users/Amrit/OneDrive/Documents/GitHub/Game/they-taught-the-rain-your-name-ue/Content/PenanceImported/Materials/M_Warm_Window_Or_Spill_008.uexp" 904
"C:/Users/Amrit/OneDrive/Documents/GitHub/Game/they-taught-the-rain-your-name-ue/Content/PenanceImported/Materials/M_Trigger_Marker_016.uasset" 905
"C:/Users/Amrit/OneDrive/Documents/GitHub/Game/they-taught-the-rain-your-name-ue/Content/PenanceImported/Materials/M_Trigger_Marker_016.uexp" 906
"C:/Users/Amrit/OneDrive/Documents/GitHub/Game/they-taught-the-rain-your-name-ue/Content/PenanceImported/Materials/M_Rusted_Metal_005.uasset" 907
"C:/Users/Amrit/OneDrive/Documents/GitHub/Game/they-taught-the-rain-your-name-ue/Content/PenanceImported/Materials/M_Rusted_Metal_005.uexp" 908
"C:/Users/Amrit/OneDrive/Documents/GitHub/Game/they-taught-the-rain-your-name-ue/Content/PenanceImported/Materials/M_Rotten_Wood_011.uasset" 909
"C:/Users/Amrit/OneDrive/Documents/GitHub/Game/they-taught-the-rain-your-name-ue/Content/PenanceImported/Materials/M_Rotten_Wood_011.uexp" 910
"C:/Users/Amrit/OneDrive/Documents/GitHub/Game/they-taught-the-rain-your-name-ue/Content/PenanceImported/Materials/M_Rotten_Wood_006.uasset" 911
"C:/Users/Amrit/OneDrive/Documents/GitHub/Game/they-taught-the-rain-your-name-ue/Content/PenanceImported/Materials/M_Rotten_Wood_006.uexp" 912
"C:/Users/Amrit/OneDrive/Documents/GitHub/Game/they-taught-the-rain-your-name-ue/Content/PenanceImported/Materials/M_Old_Photo_Paper_013.uasset" 913
"C:/Users/Amrit/OneDrive/Documents/GitHub/Game/they-taught-the-rain-your-name-ue/Content/PenanceImported/Materials/M_Old_Photo_Paper_013.uexp" 914
"C:/Users/Amrit/OneDrive/Documents/GitHub/Game/they-taught-the-rain-your-name-ue/Content/PenanceImported/Materials/M_Near_Black_Wet_Dark_007.uasset" 915
"C:/Users/Amrit/OneDrive/Documents/GitHub/Game/they-taught-the-rain-your-name-ue/Content/PenanceImported/Materials/M_Near_Black_Wet_Dark_007.uexp" 916
"C:/Users/Amrit/OneDrive/Documents/GitHub/Game/they-taught-the-rain-your-name-ue/Content/PenanceImported/Materials/M_Near_Black_Wet_Dark_001.uasset" 917
"C:/Users/Amrit/OneDrive/Documents/GitHub/Game/they-taught-the-rain-your-name-ue/Content/PenanceImported/Materials/M_Near_Black_Wet_Dark_001.uexp" 918
"C:/Users/Amrit/OneDrive/Documents/GitHub/Game/they-taught-the-rain-your-name-ue/Content/PenanceImported/Materials/M_Candle_Emissive_014.uasset" 919
"C:/Users/Amrit/OneDrive/Documents/GitHub/Game/they-taught-the-rain-your-name-ue/Content/PenanceImported/Materials/M_Candle_Emissive_014.uexp" 920
"C:/Users/Amrit/OneDrive/Documents/GitHub/Game/they-taught-the-rain-your-name-ue/Content/Maps/Penance_Suburban_Blockout.uexp" 921
"C:/Users/Amrit/OneDrive/Documents/GitHub/Game/they-taught-the-rain-your-name-ue/Content/Maps/Penance_Suburban_Blockout.umap" 922
"../../../Engine/Content/Maps/Entry_BuiltData.uasset" 923
"../../../Engine/Content/Maps/Entry_BuiltData.uexp" 924
"../../../Engine/Content/Maps/Entry.uexp" 925
"../../../Engine/Content/Maps/Entry.umap" 926
